Archive member included to satisfy reference by file (symbol)

d:/app downloaded/stm32 arm ide/stm32_app/stm32cubeide_1.7.0/stm32cubeide/plugins/com.st.stm32cube.ide.mcu.externaltools.gnu-tools-for-stm32.9-2020-q2-update.win32_2.0.0.202105311346/tools/bin/../lib/gcc/arm-none-eabi/9.3.1/../../../../arm-none-eabi/lib/thumb/v7-m/nofp\libc_nano.a(lib_a-errno.o)
                              ./Core/Src/syscalls.o (__errno)
d:/app downloaded/stm32 arm ide/stm32_app/stm32cubeide_1.7.0/stm32cubeide/plugins/com.st.stm32cube.ide.mcu.externaltools.gnu-tools-for-stm32.9-2020-q2-update.win32_2.0.0.202105311346/tools/bin/../lib/gcc/arm-none-eabi/9.3.1/../../../../arm-none-eabi/lib/thumb/v7-m/nofp\libc_nano.a(lib_a-exit.o)
                              d:/app downloaded/stm32 arm ide/stm32_app/stm32cubeide_1.7.0/stm32cubeide/plugins/com.st.stm32cube.ide.mcu.externaltools.gnu-tools-for-stm32.9-2020-q2-update.win32_2.0.0.202105311346/tools/bin/../lib/gcc/arm-none-eabi/9.3.1/../../../../arm-none-eabi/lib/thumb/v7-m/nofp/crt0.o (exit)
d:/app downloaded/stm32 arm ide/stm32_app/stm32cubeide_1.7.0/stm32cubeide/plugins/com.st.stm32cube.ide.mcu.externaltools.gnu-tools-for-stm32.9-2020-q2-update.win32_2.0.0.202105311346/tools/bin/../lib/gcc/arm-none-eabi/9.3.1/../../../../arm-none-eabi/lib/thumb/v7-m/nofp\libc_nano.a(lib_a-impure.o)
                              d:/app downloaded/stm32 arm ide/stm32_app/stm32cubeide_1.7.0/stm32cubeide/plugins/com.st.stm32cube.ide.mcu.externaltools.gnu-tools-for-stm32.9-2020-q2-update.win32_2.0.0.202105311346/tools/bin/../lib/gcc/arm-none-eabi/9.3.1/../../../../arm-none-eabi/lib/thumb/v7-m/nofp\libc_nano.a(lib_a-exit.o) (_global_impure_ptr)
d:/app downloaded/stm32 arm ide/stm32_app/stm32cubeide_1.7.0/stm32cubeide/plugins/com.st.stm32cube.ide.mcu.externaltools.gnu-tools-for-stm32.9-2020-q2-update.win32_2.0.0.202105311346/tools/bin/../lib/gcc/arm-none-eabi/9.3.1/../../../../arm-none-eabi/lib/thumb/v7-m/nofp\libc_nano.a(lib_a-init.o)
                              d:/app downloaded/stm32 arm ide/stm32_app/stm32cubeide_1.7.0/stm32cubeide/plugins/com.st.stm32cube.ide.mcu.externaltools.gnu-tools-for-stm32.9-2020-q2-update.win32_2.0.0.202105311346/tools/bin/../lib/gcc/arm-none-eabi/9.3.1/../../../../arm-none-eabi/lib/thumb/v7-m/nofp/crt0.o (__libc_init_array)
d:/app downloaded/stm32 arm ide/stm32_app/stm32cubeide_1.7.0/stm32cubeide/plugins/com.st.stm32cube.ide.mcu.externaltools.gnu-tools-for-stm32.9-2020-q2-update.win32_2.0.0.202105311346/tools/bin/../lib/gcc/arm-none-eabi/9.3.1/../../../../arm-none-eabi/lib/thumb/v7-m/nofp\libc_nano.a(lib_a-memset.o)
                              d:/app downloaded/stm32 arm ide/stm32_app/stm32cubeide_1.7.0/stm32cubeide/plugins/com.st.stm32cube.ide.mcu.externaltools.gnu-tools-for-stm32.9-2020-q2-update.win32_2.0.0.202105311346/tools/bin/../lib/gcc/arm-none-eabi/9.3.1/../../../../arm-none-eabi/lib/thumb/v7-m/nofp/crt0.o (memset)
d:/app downloaded/stm32 arm ide/stm32_app/stm32cubeide_1.7.0/stm32cubeide/plugins/com.st.stm32cube.ide.mcu.externaltools.gnu-tools-for-stm32.9-2020-q2-update.win32_2.0.0.202105311346/tools/bin/../lib/gcc/arm-none-eabi/9.3.1/../../../../arm-none-eabi/lib/thumb/v7-m/nofp\libc_nano.a(lib_a-snprintf.o)
                              ./Core/Src/main.o (snprintf)
d:/app downloaded/stm32 arm ide/stm32_app/stm32cubeide_1.7.0/stm32cubeide/plugins/com.st.stm32cube.ide.mcu.externaltools.gnu-tools-for-stm32.9-2020-q2-update.win32_2.0.0.202105311346/tools/bin/../lib/gcc/arm-none-eabi/9.3.1/../../../../arm-none-eabi/lib/thumb/v7-m/nofp\libc_nano.a(lib_a-nano-svfprintf.o)
                              d:/app downloaded/stm32 arm ide/stm32_app/stm32cubeide_1.7.0/stm32cubeide/plugins/com.st.stm32cube.ide.mcu.externaltools.gnu-tools-for-stm32.9-2020-q2-update.win32_2.0.0.202105311346/tools/bin/../lib/gcc/arm-none-eabi/9.3.1/../../../../arm-none-eabi/lib/thumb/v7-m/nofp\libc_nano.a(lib_a-snprintf.o) (_svfprintf_r)
d:/app downloaded/stm32 arm ide/stm32_app/stm32cubeide_1.7.0/stm32cubeide/plugins/com.st.stm32cube.ide.mcu.externaltools.gnu-tools-for-stm32.9-2020-q2-update.win32_2.0.0.202105311346/tools/bin/../lib/gcc/arm-none-eabi/9.3.1/../../../../arm-none-eabi/lib/thumb/v7-m/nofp\libc_nano.a(lib_a-nano-vfprintf_i.o)
                              d:/app downloaded/stm32 arm ide/stm32_app/stm32cubeide_1.7.0/stm32cubeide/plugins/com.st.stm32cube.ide.mcu.externaltools.gnu-tools-for-stm32.9-2020-q2-update.win32_2.0.0.202105311346/tools/bin/../lib/gcc/arm-none-eabi/9.3.1/../../../../arm-none-eabi/lib/thumb/v7-m/nofp\libc_nano.a(lib_a-nano-svfprintf.o) (_printf_i)
d:/app downloaded/stm32 arm ide/stm32_app/stm32cubeide_1.7.0/stm32cubeide/plugins/com.st.stm32cube.ide.mcu.externaltools.gnu-tools-for-stm32.9-2020-q2-update.win32_2.0.0.202105311346/tools/bin/../lib/gcc/arm-none-eabi/9.3.1/../../../../arm-none-eabi/lib/thumb/v7-m/nofp\libc_nano.a(lib_a-memchr-stub.o)
[...]
Memory Configuration

Name             Origin             Length             Attributes
RAM              0x0000000020000000 0x0000000000005000 xrw
FLASH            0x0000000008000000 0x0000000000020000 xr
*default*        0x0000000000000000 0xffffffffffffffff

Linker script and memory map

LOAD d:/app downloaded/stm32 arm ide/stm32_app/stm32cubeide_1.7.0/stm32cubeide/plugins/com.st.stm32cube.ide.mcu.externaltools.gnu-tools-for-stm32.9-2020-q2-update.win32_2.0.0.202105311346/tools/bin/../lib/gcc/arm-none-eabi/9.3.1/thumb/v7-m/nofp/crti.o
LOAD d:/app downloaded/stm32 arm ide/stm32_app/stm32cubeide_1.7.0/stm32cubeide/plugins/com.st.stm32cube.ide.mcu.externaltools.gnu-tools-for-stm32.9-2020-q2-update.win32_2.0.0.202105311346/tools/bin/../lib/gcc/arm-none-eabi/9.3.1/thumb/v7-m/nofp/crtbegin.o
LOAD d:/app downloaded/stm32 arm ide/stm32_app/stm32cubeide_1.7.0/stm32cubeide/plugins/com.st.stm32cube.ide.mcu.externaltools.gnu-tools-for-stm32.9-2020-q2-update.win32_2.0.0.202105311346/tools/bin/../lib/gcc/arm-none-eabi/9.3.1/../../../../arm-none-eabi/lib/thumb/v7-m/nofp/crt0.o
LOAD ./Core/Src/button.o
LOAD ./Core/Src/liquidcrystal_i2c.o
LOAD ./Core/Src/main.o
LOAD ./Core/Src/software_timer.o
LOAD ./Core/Src/stm32f1xx_hal_msp.o
LOAD ./Core/Src/stm32f1xx_it.o
LOAD ./Core/Src/syscalls.o
LOAD ./Core/Src/sysmem.o
LOAD ./Core/Src/system_stm32f1xx.o
LOAD ./Core/Startup/startup_stm32f103rbtx.o
LOAD ./Drivers/STM32F1xx_HAL_Driver/Src/stm32f1xx_hal.o
LOAD ./Drivers/STM32F1xx_HAL_Driver/Src/stm32f1xx_hal_cortex.o
LOAD ./Drivers/STM32F1xx_HAL_Driver/Src/stm32f1xx_hal_dma.o
LOAD ./Drivers/STM32F1xx_HAL_Driver/Src/stm32f1xx_hal_exti.o
LOAD ./Drivers/STM32F1xx_HAL_Driver/Src/stm32f1xx_hal_flash.o
LOAD ./Drivers/STM32F1xx_HAL_Driver/Src/stm32f1xx_hal_flash_ex.o
LOAD ./Drivers/STM32F1xx_HAL_Driver/Src/stm32f1xx_hal_gpio.o
LOAD ./Drivers/STM32F1xx_HAL_Driver/Src/stm32f1xx_hal_gpio_ex.o
LOAD ./Drivers/STM32F1xx_HAL_Driver/Src/stm32f1xx_hal_i2c.o
LOAD ./Drivers/STM32F1xx_HAL_Driver/Src/stm32f1xx_hal_pwr.o
LOAD ./Drivers/STM32F1xx_HAL_Driver/Src/stm32f1xx_hal_rcc.o
LOAD ./Drivers/STM32F1xx_HAL_Driver/Src/stm32f1xx_hal_rcc_ex.o
LOAD ./Drivers/STM32F1xx_HAL_Driver/Src/stm32f1xx_hal_tim.o
LOAD ./Drivers/STM32F1xx_HAL_Driver/Src/stm32f1xx_hal_tim_ex.o
START GROUP
LOAD d:/app downloaded/stm32 arm ide/stm32_app/stm32cubeide_1.7.0/stm32cubeide/plugins/com.st.stm32cube.ide.mcu.externaltools.gnu-tools-for-stm32.9-2020-q2-update.win32_2.0.0.202105311346/tools/bin/../lib/gcc/arm-none-eabi/9.3.1/../../../../arm-none-eabi/lib/thumb/v7-m/nofp\libc_nano.a
LOAD d:/app downloaded/stm32 arm ide/stm32_app/stm32cubeide_1.7.0/stm32cubeide/plugins/com.st.stm32cube.ide.mcu.externaltools.gnu-tools-for-stm32.9-2020-q2-update.win32_2.0.0.202105311346/tools/bin/../lib/gcc/arm-none-eabi/9.3.1/../../../../arm-none-eabi/lib/thumb/v7-m/nofp\libm.a
END GROUP
START GROUP
LOAD d:/app downloaded/stm32 arm ide/stm32_app/stm32cubeide_1.7.0/stm32cubeide/plugins/com.st.stm32cube.ide.mcu.externaltools.gnu-tools-for-stm32.9-2020-q2-update.win32_2.0.0.202105311346/tools/bin/../lib/gcc/arm-none-eabi/9.3.1/thumb/v7-m/nofp\libgcc.a
LOAD d:/app downloaded/stm32 arm ide/stm32_app/stm32cubeide_1.7.0/stm32cubeide/plugins/com.st.stm32cube.ide.mcu.externaltools.gnu-tools-for-stm32.9-2020-q2-update.win32_2.0.0.202105311346/tools/bin/../lib/gcc/arm-none-eabi/9.3.1/../../../../arm-none-eabi/lib/thumb/v7-m/nofp\libc_nano.a
END GROUP
START GROUP
LOAD d:/app downloaded/stm32 arm ide/stm32_app/stm32cubeide_1.7.0/stm32cubeide/plugins/com.st.stm32cube.ide.mcu.externaltools.gnu-tools-for-stm32.9-2020-q2-update.win32_2.0.0.202105311346/tools/bin/../lib/gcc/arm-none-eabi/9.3.1/thumb/v7-m/nofp\libgcc.a
LOAD d:/app downloaded/stm32 arm ide/stm32_app/stm32cubeide_1.7.0/stm32cubeide/plugins/com.st.stm32cube.ide.mcu.externaltools.gnu-tools-for-stm32.9-2020-q2-update.win32_2.0.0.202105311346/tools/bin/../lib/gcc/arm-none-eabi/9.3.1/../../../../arm-none-eabi/lib/thumb/v7-m/nofp\libc_nano.a
LOAD d:/app downloaded/stm32 arm ide/stm32_app/stm32cubeide_1.7.0/stm32cubeide/plugins/com.st.stm32cube.ide.mcu.externaltools.gnu-tools-for-stm32.9-2020-q2-update.win32_2.0.0.202105311346/tools/bin/../lib/gcc/arm-none-eabi/9.3.1/../../../../arm-none-eabi/lib/thumb/v7-m/nofp\libnosys.a
END GROUP
START GROUP
LOAD d:/app downloaded/stm32 arm ide/stm32_app/stm32cubeide_1.7.0/stm32cubeide/plugins/com.st.stm32cube.ide.mcu.externaltools.gnu-tools-for-stm32.9-2020-q2-update.win32_2.0.0.202105311346/tools/bin/../lib/gcc/arm-none-eabi/9.3.1/thumb/v7-m/nofp\libgcc.a
LOAD d:/app downloaded/stm32 arm ide/stm32_app/stm32cubeide_1.7.0/stm32cubeide/plugins/com.st.stm32cube.ide.mcu.externaltools.gnu-tools-for-stm32.9-2020-q2-update.win32_2.0.0.202105311346/tools/bin/../lib/gcc/arm-none-eabi/9.3.1/../../../../arm-none-eabi/lib/thumb/v7-m/nofp\libc_nano.a
LOAD d:/app downloaded/stm32 arm ide/stm32_app/stm32cubeide_1.7.0/stm32cubeide/plugins/com.st.stm32cube.ide.mcu.externaltools.gnu-tools-for-stm32.9-2020-q2-update.win32_2.0.0.202105311346/tools/bin/../lib/gcc/arm-none-eabi/9.3.1/../../../../arm-none-eabi/lib/thumb/v7-m/nofp\libnosys.a
END GROUP
LOAD d:/app downloaded/stm32 arm ide/stm32_app/stm32cubeide_1.7.0/stm32cubeide/plugins/com.st.stm32cube.ide.mcu.externaltools.gnu-tools-for-stm32.9-2020-q2-update.win32_2.0.0.202105311346/tools/bin/../lib/gcc/arm-none-eabi/9.3.1/thumb/v7-m/nofp/crtend.o
LOAD d:/app downloaded/stm32 arm ide/stm32_app/stm32cubeide_1.7.0/stm32cubeide/plugins/com.st.stm32cube.ide.mcu.externaltools.gnu-tools-for-stm32.9-2020-q2-update.win32_2.0.0.202105311346/tools/bin/../lib/gcc/arm-none-eabi/9.3.1/thumb/v7-m/nofp/crtn.o
                0x0000000020005000                _estack = (ORIGIN (RAM) + LENGTH (RAM))
                0x0000000000000200                _Min_Heap_Size = 0x200
                0x0000000000000400                _Min_Stack_Size = 0x400

.isr_vector     0x0000000008000000      0x10c
                0x0000000008000000                . = ALIGN (0x4)
 *(.isr_vector)
 .isr_vector    0x0000000008000000      0x10c ./Core/Startup/startup_stm32f103rbtx.o
                0x0000000008000000                g_pfnVectors
                0x000000000800010c                . = ALIGN (0x4)

.text           0x000000000800010c     0x3710
                0x000000000800010c                . = ALIGN (0x4)
 *(.text)
 .text          0x000000000800010c       0x40 d:/app downloaded/stm32 arm ide/stm32_app/stm32cubeide_1.7.0/stm32cubeide/plugins/com.st.stm32cube.ide.mcu.externaltools.gnu-tools-for-stm32.9-2020-q2-update.win32_2.0.0.202105311346/tools/bin/../lib/gcc/arm-none-eabi/9.3.1/thumb/v7-m/nofp/crtbegin.o
 *(.text*)
 .text.readKey  0x000000000800014c        0xc ./Core/Src/button.o
                0x000000000800014c                readKey
 .text.subKeyProcess
                0x0000000008000158       0x20 ./Core/Src/button.o
                0x0000000008000158                subKeyProcess
 .text.getKeyInput
                0x0000000008000178      0x118 ./Core/Src/button.o
                0x0000000008000178                getKeyInput
 .text.HD44780_Init
                0x0000000008000290      0x108 ./Core/Src/liquidcrystal_i2c.o
                0x0000000008000290                HD44780_Init
 .text.HD44780_Clear
                0x0000000008000398       0x16 ./Core/Src/liquidcrystal_i2c.o
                0x0000000008000398                HD44780_Clear
 .text.HD44780_Home
                0x00000000080003ae       0x16 ./Core/Src/liquidcrystal_i2c.o
                0x00000000080003ae                HD44780_Home
 .text.HD44780_SetCursor
                0x00000000080003c4       0x64 ./Core/Src/liquidcrystal_i2c.o
                0x00000000080003c4                HD44780_SetCursor
 .text.HD44780_NoDisplay
                0x0000000008000428       0x2c ./Core/Src/liquidcrystal_i2c.o
                0x0000000008000428                HD44780_NoDisplay
 .text.HD44780_Display
                0x0000000008000454       0x2c ./Core/Src/liquidcrystal_i2c.o
                0x0000000008000454                HD44780_Display
 .text.HD44780_NoCursor
                0x0000000008000480       0x2c ./Core/Src/liquidcrystal_i2c.o
                0x0000000008000480                HD44780_NoCursor
 .text.HD44780_Cursor
                0x00000000080004ac       0x2c ./Core/Src/liquidcrystal_i2c.o
                0x00000000080004ac                HD44780_Cursor
 .text.HD44780_NoBlink
                0x00000000080004d8       0x2c ./Core/Src/liquidcrystal_i2c.o
                0x00000000080004d8                HD44780_NoBlink
 .text.HD44780_Blink
                0x0000000008000504       0x2c ./Core/Src/liquidcrystal_i2c.o
                0x0000000008000504                HD44780_Blink
 .text.HD44780_ScrollDisplayLeft
                0x0000000008000530        0xe ./Core/Src/liquidcrystal_i2c.o
                0x0000000008000530                HD44780_ScrollDisplayLeft
 .text.HD44780_CreateSpecialChar
                0x000000000800053e       0x52 ./Core/Src/liquidcrystal_i2c.o
                0x000000000800053e                HD44780_CreateSpecialChar
 .text.HD44780_PrintStr
                0x0000000008000590       0x2a ./Core/Src/liquidcrystal_i2c.o
                0x0000000008000590                HD44780_PrintStr
 *fill*         0x00000000080005ba        0x2 
 .text.HD44780_NoBacklight
                0x00000000080005bc       0x18 ./Core/Src/liquidcrystal_i2c.o
                0x00000000080005bc                HD44780_NoBacklight
 .text.HD44780_Backlight
                0x00000000080005d4       0x18 ./Core/Src/liquidcrystal_i2c.o
                0x00000000080005d4                HD44780_Backlight
 .text.SendCommand
                0x00000000080005ec       0x1c ./Core/Src/liquidcrystal_i2c.o
 .text.SendChar
                0x0000000008000608       0x1c ./Core/Src/liquidcrystal_i2c.o
 .text.Send     0x0000000008000624       0x42 ./Core/Src/liquidcrystal_i2c.o
 .text.Write4Bits
                0x0000000008000666       0x22 ./Core/Src/liquidcrystal_i2c.o
 .text.ExpanderWrite
                0x0000000008000688       0x38 ./Core/Src/liquidcrystal_i2c.o
 .text.PulseEnable
                0x00000000080006c0       0x3a ./Core/Src/liquidcrystal_i2c.o
 *fill*         0x00000000080006fa        0x2 
 .text.DelayInit
                0x00000000080006fc       0x50 ./Core/Src/liquidcrystal_i2c.o
 .text.DelayUS  0x000000000800074c       0x4c ./Core/Src/liquidcrystal_i2c.o
 .text.main     0x0000000008000798      0x16c ./Core/Src/main.o
                0x0000000008000798                main
 .text.SystemClock_Config
                0x0000000008000904       0x82 ./Core/Src/main.o
                0x0000000008000904                SystemClock_Config
 *fill*         0x0000000008000986        0x2 
 .text.MX_I2C1_Init
                0x0000000008000988       0x5c ./Core/Src/main.o
 .text.MX_TIM2_Init
                0x00000000080009e4       0x98 ./Core/Src/main.o
 .text.MX_GPIO_Init
                0x0000000008000a7c      0x124 ./Core/Src/main.o
 .text.HAL_TIM_PeriodElapsedCallback
                0x0000000008000ba0       0x18 ./Core/Src/main.o
                0x0000000008000ba0                HAL_TIM_PeriodElapsedCallback
 .text.Error_Handler
                0x0000000008000bb8        0xa ./Core/Src/main.o
                0x0000000008000bb8                Error_Handler
 *fill*         0x0000000008000bc2        0x2 
 .text.setTimer
                0x0000000008000bc4       0x40 ./Core/Src/software_timer.o
                0x0000000008000bc4                setTimer
 .text.timerRun
                0x0000000008000c04       0x60 ./Core/Src/software_timer.o
                0x0000000008000c04                timerRun
 .text.isTimerExpired
                0x0000000008000c64       0x34 ./Core/Src/software_timer.o
                0x0000000008000c64                isTimerExpired
 .text.HAL_MspInit
                0x0000000008000c98       0x64 ./Core/Src/stm32f1xx_hal_msp.o
                0x0000000008000c98                HAL_MspInit
 .text.HAL_I2C_MspInit
                0x0000000008000cfc       0xa0 ./Core/Src/stm32f1xx_hal_msp.o
                0x0000000008000cfc                HAL_I2C_MspInit
 .text.HAL_TIM_Base_MspInit
                0x0000000008000d9c       0x48 ./Core/Src/stm32f1xx_hal_msp.o
                0x0000000008000d9c                HAL_TIM_Base_MspInit
 .text.NMI_Handler
                0x0000000008000de4        0x6 ./Core/Src/stm32f1xx_it.o
                0x0000000008000de4                NMI_Handler
 .text.HardFault_Handler
                0x0000000008000dea        0x6 ./Core/Src/stm32f1xx_it.o
                0x0000000008000dea                HardFault_Handler
 .text.MemManage_Handler
                0x0000000008000df0        0x6 ./Core/Src/stm32f1xx_it.o
                0x0000000008000df0                MemManage_Handler
 .text.BusFault_Handler
                0x0000000008000df6        0x6 ./Core/Src/stm32f1xx_it.o
                0x0000000008000df6                BusFault_Handler
 .text.UsageFault_Handler
                0x0000000008000dfc        0x6 ./Core/Src/stm32f1xx_it.o
                0x0000000008000dfc                UsageFault_Handler
 .text.SVC_Handler
                0x0000000008000e02        0xc ./Core/Src/stm32f1xx_it.o
                0x0000000008000e02                SVC_Handler
 .text.DebugMon_Handler
                0x0000000008000e0e        0xc ./Core/Src/stm32f1xx_it.o
                0x0000000008000e0e                DebugMon_Handler
 .text.PendSV_Handler
                0x0000000008000e1a        0xc ./Core/Src/stm32f1xx_it.o
                0x0000000008000e1a                PendSV_Handler
 .text.SysTick_Handler
                0x0000000008000e26        0xc ./Core/Src/stm32f1xx_it.o
                0x0000000008000e26                SysTick_Handler
 *fill*         0x0000000008000e32        0x2 
 .text.TIM2_IRQHandler
                0x0000000008000e34       0x14 ./Core/Src/stm32f1xx_it.o
                0x0000000008000e34                TIM2_IRQHandler
 .text.EXTI15_10_IRQHandler
                0x0000000008000e48       0x10 ./Core/Src/stm32f1xx_it.o
                0x0000000008000e48                EXTI15_10_IRQHandler
 .text._sbrk    0x0000000008000e58       0x6c ./Core/Src/sysmem.o
                0x0000000008000e58                _sbrk
 .text.SystemInit
                0x0000000008000ec4        0xc ./Core/Src/system_stm32f1xx.o
                0x0000000008000ec4                SystemInit
 .text.Reset_Handler
                0x0000000008000ed0       0x48 ./Core/Startup/startup_stm32f103rbtx.o
                0x0000000008000ed0                Reset_Handler
 .text.Default_Handler
                0x0000000008000f18        0x2 ./Core/Startup/startup_stm32f103rbtx.o
                0x0000000008000f18                RTC_Alarm_IRQHandler
                0x0000000008000f18                EXTI2_IRQHandler
                0x0000000008000f18                TIM1_CC_IRQHandler
                0x0000000008000f18                PVD_IRQHandler
                0x0000000008000f18                EXTI3_IRQHandler
                0x0000000008000f18                EXTI0_IRQHandler
                0x0000000008000f18                I2C2_EV_IRQHandler
                0x0000000008000f18                ADC1_2_IRQHandler
                0x0000000008000f18                SPI1_IRQHandler
                0x0000000008000f18                TAMPER_IRQHandler
                0x0000000008000f18                DMA1_Channel4_IRQHandler
                0x0000000008000f18                USART3_IRQHandler
                0x0000000008000f18                RTC_IRQHandler
                0x0000000008000f18                DMA1_Channel7_IRQHandler
                0x0000000008000f18                CAN1_RX1_IRQHandler
                0x0000000008000f18                TIM4_IRQHandler
                0x0000000008000f18                I2C1_EV_IRQHandler
                0x0000000008000f18                DMA1_Channel6_IRQHandler
                0x0000000008000f18                TIM3_IRQHandler
                0x0000000008000f18                RCC_IRQHandler
                0x0000000008000f18                TIM1_TRG_COM_IRQHandler
                0x0000000008000f18                DMA1_Channel1_IRQHandler
                0x0000000008000f18                Default_Handler
                0x0000000008000f18                EXTI9_5_IRQHandler
                0x0000000008000f18                SPI2_IRQHandler
                0x0000000008000f18                DMA1_Channel5_IRQHandler
                0x0000000008000f18                EXTI4_IRQHandler
                0x0000000008000f18                USB_LP_CAN1_RX0_IRQHandler
                0x0000000008000f18                USB_HP_CAN1_TX_IRQHandler
                0x0000000008000f18                DMA1_Channel3_IRQHandler
                0x0000000008000f18                TIM1_UP_IRQHandler
                0x0000000008000f18                WWDG_IRQHandler
                0x0000000008000f18                TIM1_BRK_IRQHandler
                0x0000000008000f18                EXTI1_IRQHandler
                0x0000000008000f18                USART2_IRQHandler
                0x0000000008000f18                I2C2_ER_IRQHandler
                0x0000000008000f18                DMA1_Channel2_IRQHandler
                0x0000000008000f18                CAN1_SCE_IRQHandler
                0x0000000008000f18                FLASH_IRQHandler
                0x0000000008000f18                USART1_IRQHandler
                0x0000000008000f18                I2C1_ER_IRQHandler
                0x0000000008000f18                USBWakeUp_IRQHandler
 *fill*         0x0000000008000f1a        0x2 
 .text.HAL_Init
                0x0000000008000f1c       0x2c ./Drivers/STM32F1xx_HAL_Driver/Src/stm32f1xx_hal.o
                0x0000000008000f1c                HAL_Init
 .text.HAL_InitTick
                0x0000000008000f48       0x60 ./Drivers/STM32F1xx_HAL_Driver/Src/stm32f1xx_hal.o
                0x0000000008000f48                HAL_InitTick
 .text.HAL_IncTick
                0x0000000008000fa8       0x24 ./Drivers/STM32F1xx_HAL_Driver/Src/stm32f1xx_hal.o
                0x0000000008000fa8                HAL_IncTick
 .text.HAL_GetTick
                0x0000000008000fcc       0x14 ./Drivers/STM32F1xx_HAL_Driver/Src/stm32f1xx_hal.o
                0x0000000008000fcc                HAL_GetTick
 .text.HAL_Delay
                0x0000000008000fe0       0x48 ./Drivers/STM32F1xx_HAL_Driver/Src/stm32f1xx_hal.o
                0x0000000008000fe0                HAL_Delay
 .text.__NVIC_SetPriorityGrouping
                0x0000000008001028       0x48 ./Drivers/STM32F1xx_HAL_Driver/Src/stm32f1xx_hal_cortex.o
 .text.__NVIC_GetPriorityGrouping
                0x0000000008001070       0x1c ./Drivers/STM32F1xx_HAL_Driver/Src/stm32f1xx_hal_cortex.o
 .text.__NVIC_EnableIRQ
                0x000000000800108c       0x38 ./Drivers/STM32F1xx_HAL_Driver/Src/stm32f1xx_hal_cortex.o
 .text.__NVIC_SetPriority
                0x00000000080010c4       0x54 ./Drivers/STM32F1xx_HAL_Driver/Src/stm32f1xx_hal_cortex.o
 .text.NVIC_EncodePriority
                0x0000000008001118       0x64 ./Drivers/STM32F1xx_HAL_Driver/Src/stm32f1xx_hal_cortex.o
 .text.SysTick_Config
                0x000000000800117c       0x44 ./Drivers/STM32F1xx_HAL_Driver/Src/stm32f1xx_hal_cortex.o
 .text.HAL_NVIC_SetPriorityGrouping
                0x00000000080011c0       0x16 ./Drivers/STM32F1xx_HAL_Driver/Src/stm32f1xx_hal_cortex.o
                0x00000000080011c0                HAL_NVIC_SetPriorityGrouping
 .text.HAL_NVIC_SetPriority
                0x00000000080011d6       0x38 ./Drivers/STM32F1xx_HAL_Driver/Src/stm32f1xx_hal_cortex.o
                0x00000000080011d6                HAL_NVIC_SetPriority
 .text.HAL_NVIC_EnableIRQ
                0x000000000800120e       0x1c ./Drivers/STM32F1xx_HAL_Driver/Src/stm32f1xx_hal_cortex.o
                0x000000000800120e                HAL_NVIC_EnableIRQ
 .text.HAL_SYSTICK_Config
                0x000000000800122a       0x18 ./Drivers/STM32F1xx_HAL_Driver/Src/stm32f1xx_hal_cortex.o
                0x000000000800122a                HAL_SYSTICK_Config
 *fill*         0x0000000008001242        0x2 
 .text.HAL_GPIO_Init
                0x0000000008001244      0x308 ./Drivers/STM32F1xx_HAL_Driver/Src/stm32f1xx_hal_gpio.o
                0x0000000008001244                HAL_GPIO_Init
 .text.HAL_GPIO_WritePin
                0x000000000800154c       0x30 ./Drivers/STM32F1xx_HAL_Driver/Src/stm32f1xx_hal_gpio.o
                0x000000000800154c                HAL_GPIO_WritePin
 .text.HAL_GPIO_TogglePin
                0x000000000800157c       0x32 ./Drivers/STM32F1xx_HAL_Driver/Src/stm32f1xx_hal_gpio.o
                0x000000000800157c                HAL_GPIO_TogglePin
 *fill*         0x00000000080015ae        0x2 
 .text.HAL_GPIO_EXTI_IRQHandler
                0x00000000080015b0       0x30 ./Drivers/STM32F1xx_HAL_Driver/Src/stm32f1xx_hal_gpio.o
                0x00000000080015b0                HAL_GPIO_EXTI_IRQHandler
 .text.HAL_GPIO_EXTI_Callback
                0x00000000080015e0       0x14 ./Drivers/STM32F1xx_HAL_Driver/Src/stm32f1xx_hal_gpio.o
                0x00000000080015e0                HAL_GPIO_EXTI_Callback
 .text.HAL_I2C_Init
                0x00000000080015f4      0x288 ./Drivers/STM32F1xx_HAL_Driver/Src/stm32f1xx_hal_i2c.o
                0x00000000080015f4                HAL_I2C_Init
 .text.HAL_I2C_Master_Transmit
                0x000000000800187c      0x1fc ./Drivers/STM32F1xx_HAL_Driver/Src/stm32f1xx_hal_i2c.o
                0x000000000800187c                HAL_I2C_Master_Transmit
 .text.I2C_MasterRequestWrite
                0x0000000008001a78      0x104 ./Drivers/STM32F1xx_HAL_Driver/Src/stm32f1xx_hal_i2c.o
 .text.I2C_WaitOnFlagUntilTimeout
                0x0000000008001b7c       0xf4 ./Drivers/STM32F1xx_HAL_Driver/Src/stm32f1xx_hal_i2c.o
 .text.I2C_WaitOnMasterAddressFlagUntilTimeout
                0x0000000008001c70      0x140 ./Drivers/STM32F1xx_HAL_Driver/Src/stm32f1xx_hal_i2c.o
 .text.I2C_WaitOnTXEFlagUntilTimeout
                0x0000000008001db0       0x90 ./Drivers/STM32F1xx_HAL_Driver/Src/stm32f1xx_hal_i2c.o
 .text.I2C_WaitOnBTFFlagUntilTimeout
                0x0000000008001e40       0x90 ./Drivers/STM32F1xx_HAL_Driver/Src/stm32f1xx_hal_i2c.o
 .text.I2C_IsAcknowledgeFailed
                0x0000000008001ed0       0x5c ./Drivers/STM32F1xx_HAL_Driver/Src/stm32f1xx_hal_i2c.o
 .text.HAL_RCC_OscConfig
                0x0000000008001f2c      0x500 ./Drivers/STM32F1xx_HAL_Driver/Src/stm32f1xx_hal_rcc.o
                0x0000000008001f2c                HAL_RCC_OscConfig
 .text.HAL_RCC_ClockConfig
                0x000000000800242c      0x1d4 ./Drivers/STM32F1xx_HAL_Driver/Src/stm32f1xx_hal_rcc.o
                0x000000000800242c                HAL_RCC_ClockConfig
 .text.HAL_RCC_GetSysClockFreq
                0x0000000008002600       0xa8 ./Drivers/STM32F1xx_HAL_Driver/Src/stm32f1xx_hal_rcc.o
                0x0000000008002600                HAL_RCC_GetSysClockFreq
 .text.HAL_RCC_GetHCLKFreq
                0x00000000080026a8       0x14 ./Drivers/STM32F1xx_HAL_Driver/Src/stm32f1xx_hal_rcc.o
                0x00000000080026a8                HAL_RCC_GetHCLKFreq
 .text.HAL_RCC_GetPCLK1Freq
                0x00000000080026bc       0x28 ./Drivers/STM32F1xx_HAL_Driver/Src/stm32f1xx_hal_rcc.o
                0x00000000080026bc                HAL_RCC_GetPCLK1Freq
 .text.RCC_Delay
                0x00000000080026e4       0x3c ./Drivers/STM32F1xx_HAL_Driver/Src/stm32f1xx_hal_rcc.o
 .text.HAL_TIM_Base_Init
                0x0000000008002720       0x9e ./Drivers/STM32F1xx_HAL_Driver/Src/stm32f1xx_hal_tim.o
                0x0000000008002720                HAL_TIM_Base_Init
 *fill*         0x00000000080027be        0x2 
 .text.HAL_TIM_Base_Start_IT
                0x00000000080027c0       0xa4 ./Drivers/STM32F1xx_HAL_Driver/Src/stm32f1xx_hal_tim.o
                0x00000000080027c0                HAL_TIM_Base_Start_IT
 .text.HAL_TIM_IRQHandler
                0x0000000008002864      0x1e0 ./Drivers/STM32F1xx_HAL_Driver/Src/stm32f1xx_hal_tim.o
                0x0000000008002864                HAL_TIM_IRQHandler
 .text.HAL_TIM_ConfigClockSource
                0x0000000008002a44      0x18e ./Drivers/STM32F1xx_HAL_Driver/Src/stm32f1xx_hal_tim.o
                0x0000000008002a44                HAL_TIM_ConfigClockSource
 .text.HAL_TIM_OC_DelayElapsedCallback
                0x0000000008002bd2       0x12 ./Drivers/STM32F1xx_HAL_Driver/Src/stm32f1xx_hal_tim.o
                0x0000000008002bd2                HAL_TIM_OC_DelayElapsedCallback
 .text.HAL_TIM_IC_CaptureCallback
                0x0000000008002be4       0x12 ./Drivers/STM32F1xx_HAL_Driver/Src/stm32f1xx_hal_tim.o
                0x0000000008002be4                HAL_TIM_IC_CaptureCallback
 .text.HAL_TIM_PWM_PulseFinishedCallback
                0x0000000008002bf6       0x12 ./Drivers/STM32F1xx_HAL_Driver/Src/stm32f1xx_hal_tim.o
                0x0000000008002bf6                HAL_TIM_PWM_PulseFinishedCallback
 .text.HAL_TIM_TriggerCallback
                0x0000000008002c08       0x12 ./Drivers/STM32F1xx_HAL_Driver/Src/stm32f1xx_hal_tim.o
                0x0000000008002c08                HAL_TIM_TriggerCallback
 *fill*         0x0000000008002c1a        0x2 
 .text.TIM_Base_SetConfig
                0x0000000008002c1c       0xdc ./Drivers/STM32F1xx_HAL_Driver/Src/stm32f1xx_hal_tim.o
                0x0000000008002c1c                TIM_Base_SetConfig
 .text.TIM_TI1_ConfigInputStage
                0x0000000008002cf8       0x5c ./Drivers/STM32F1xx_HAL_Driver/Src/stm32f1xx_hal_tim.o
 .text.TIM_TI2_ConfigInputStage
                0x0000000008002d54       0x5e ./Drivers/STM32F1xx_HAL_Driver/Src/stm32f1xx_hal_tim.o
 .text.TIM_ITRx_SetConfig
                0x0000000008002db2       0x34 ./Drivers/STM32F1xx_HAL_Driver/Src/stm32f1xx_hal_tim.o
 .text.TIM_ETR_SetConfig
                0x0000000008002de6       0x3e ./Drivers/STM32F1xx_HAL_Driver/Src/stm32f1xx_hal_tim.o
                0x0000000008002de6                TIM_ETR_SetConfig
 .text.HAL_TIMEx_MasterConfigSynchronization
                0x0000000008002e24       0xbc ./Drivers/STM32F1xx_HAL_Driver/Src/stm32f1xx_hal_tim_ex.o
                0x0000000008002e24                HAL_TIMEx_MasterConfigSynchronization
 .text.HAL_TIMEx_CommutCallback
                0x0000000008002ee0       0x12 ./Drivers/STM32F1xx_HAL_Driver/Src/stm32f1xx_hal_tim_ex.o
                0x0000000008002ee0                HAL_TIMEx_CommutCallback
 .text.HAL_TIMEx_BreakCallback
                0x0000000008002ef2       0x12 ./Drivers/STM32F1xx_HAL_Driver/Src/stm32f1xx_hal_tim_ex.o
                0x0000000008002ef2                HAL_TIMEx_BreakCallback
 .text.__errno  0x0000000008002f04        0xc d:/app downloaded/stm32 arm ide/stm32_app/stm32cubeide_1.7.0/stm32cubeide/plugins/com.st.stm32cube.ide.mcu.externaltools.gnu-tools-for-stm32.9-2020-q2-update.win32_2.0.0.202105311346/tools/bin/../lib/gcc/arm-none-eabi/9.3.1/../../../../arm-none-eabi/lib/thumb/v7-m/nofp\libc_nano.a(lib_a-errno.o)
                0x0000000008002f04                __errno
 .text.__libc_init_array
                0x0000000008002f10       0x48 d:/app downloaded/stm32 arm ide/stm32_app/stm32cubeide_1.7.0/stm32cubeide/plugins/com.st.stm32cube.ide.mcu.externaltools.gnu-tools-for-stm32.9-2020-q2-update.win32_2.0.0.202105311346/tools/bin/../lib/gcc/arm-none-eabi/9.3.1/../../../../arm-none-eabi/lib/thumb/v7-m/nofp\libc_nano.a(lib_a-init.o)
                0x0000000008002f10                __libc_init_array
 .text.memset   0x0000000008002f58       0x10 d:/app downloaded/stm32 arm ide/stm32_app/stm32cubeide_1.7.0/stm32cubeide/plugins/com.st.stm32cube.ide.mcu.externaltools.gnu-tools-for-stm32.9-2020-q2-update.win32_2.0.0.202105311346/tools/bin/../lib/gcc/arm-none-eabi/9.3.1/../../../../arm-none-eabi/lib/thumb/v7-m/nofp\libc_nano.a(lib_a-memset.o)
                0x0000000008002f58                memset
 .text.snprintf
                0x0000000008002f68       0x68 d:/app downloaded/stm32 arm ide/stm32_app/stm32cubeide_1.7.0/stm32cubeide/plugins/com.st.stm32cube.ide.mcu.externaltools.gnu-tools-for-stm32.9-2020-q2-update.win32_2.0.0.202105311346/tools/bin/../lib/gcc/arm-none-eabi/9.3.1/../../../../arm-none-eabi/lib/thumb/v7-m/nofp\libc_nano.a(lib_a-snprintf.o)
                0x0000000008002f68                sniprintf
                0x0000000008002f68                snprintf
 .text.__ssputs_r
                0x0000000008002fd0       0xb6 d:/app downloaded/stm32 arm ide/stm32_app/stm32cubeide_1.7.0/stm32cubeide/plugins/com.st.stm32cube.ide.mcu.externaltools.gnu-tools-for-stm32.9-2020-q2-update.win32_2.0.0.202105311346/tools/bin/../lib/gcc/arm-none-eabi/9.3.1/../../../../arm-none-eabi/lib/thumb/v7-m/nofp\libc_nano.a(lib_a-nano-svfprintf.o)
                0x0000000008002fd0                __ssputs_r
 *fill*         0x0000000008003086        0x2 
 .text._svfprintf_r
                0x0000000008003088      0x200 d:/app downloaded/stm32 arm ide/stm32_app/stm32cubeide_1.7.0/stm32cubeide/plugins/com.st.stm32cube.ide.mcu.externaltools.gnu-tools-for-stm32.9-2020-q2-update.win32_2.0.0.202105311346/tools/bin/../lib/gcc/arm-none-eabi/9.3.1/../../../../arm-none-eabi/lib/thumb/v7-m/nofp\libc_nano.a(lib_a-nano-svfprintf.o)
                0x0000000008003088                _svfiprintf_r
                0x0000000008003088                _svfprintf_r
 .text._printf_common
                0x0000000008003288       0xde d:/app downloaded/stm32 arm ide/stm32_app/stm32cubeide_1.7.0/stm32cubeide/plugins/com.st.stm32cube.ide.mcu.externaltools.gnu-tools-for-stm32.9-2020-q2-update.win32_2.0.0.202105311346/tools/bin/../lib/gcc/arm-none-eabi/9.3.1/../../../../arm-none-eabi/lib/thumb/v7-m/nofp\libc_nano.a(lib_a-nano-vfprintf_i.o)
                0x0000000008003288                _printf_common
 *fill*         0x0000000008003366        0x2 
 .text._printf_i
                0x0000000008003368      0x24c d:/app downloaded/stm32 arm ide/stm32_app/stm32cubeide_1.7.0/stm32cubeide/plugins/com.st.stm32cube.ide.mcu.externaltools.gnu-tools-for-stm32.9-2020-q2-update.win32_2.0.0.202105311346/tools/bin/../lib/gcc/arm-none-eabi/9.3.1/../../../../arm-none-eabi/lib/thumb/v7-m/nofp\libc_nano.a(lib_a-nano-vfprintf_i.o)
                0x0000000008003368                _printf_i
 .text.memchr   0x00000000080035b4       0x1c d:/app downloaded/stm32 arm ide/stm32_app/stm32cubeide_1.7.0/stm32cubeide/plugins/com.st.stm32cube.ide.mcu.externaltools.gnu-tools-for-stm32.9-2020-q2-update.win32_2.0.0.202105311346/tools/bin/../lib/gcc/arm-none-eabi/9.3.1/../../../../arm-none-eabi/lib/thumb/v7-m/nofp\libc_nano.a(lib_a-memchr-stub.o)
                0x00000000080035b4                memchr
 .text.memcpy   0x00000000080035d0       0x1c d:/app downloaded/stm32 arm ide/stm32_app/stm32cubeide_1.7.0/stm32cubeide/plugins/com.st.stm32cube.ide.mcu.externaltools.gnu-tools-for-stm32.9-2020-q2-update.win32_2.0.0.202105311346/tools/bin/../lib/gcc/arm-none-eabi/9.3.1/../../../../arm-none-eabi/lib/thumb/v7-m/nofp\libc_nano.a(lib_a-memcpy-stub.o)
                0x00000000080035d0                memcpy
 .text.memmove  0x00000000080035ec       0x34 d:/app downloaded/stm32 arm ide/stm32_app/stm32cubeide_1.7.0/stm32cubeide/plugins/com.st.stm32cube.ide.mcu.externaltools.gnu-tools-for-stm32.9-2020-q2-update.win32_2.0.0.202105311346/tools/bin/../lib/gcc/arm-none-eabi/9.3.1/../../../../arm-none-eabi/lib/thumb/v7-m/nofp\libc_nano.a(lib_a-memmove.o)
                0x00000000080035ec                memmove
 .text._free_r  0x0000000008003620       0x98 d:/app downloaded/stm32 arm ide/stm32_app/stm32cubeide_1.7.0/stm32cubeide/plugins/com.st.stm32cube.ide.mcu.externaltools.gnu-tools-for-stm32.9-2020-q2-update.win32_2.0.0.202105311346/tools/bin/../lib/gcc/arm-none-eabi/9.3.1/../../../../arm-none-eabi/lib/thumb/v7-m/nofp\libc_nano.a(lib_a-nano-freer.o)
                0x0000000008003620                _free_r
 .text._malloc_r
                0x00000000080036b8       0xb4 d:/app downloaded/stm32 arm ide/stm32_app/stm32cubeide_1.7.0/stm32cubeide/plugins/com.st.stm32cube.ide.mcu.externaltools.gnu-tools-for-stm32.9-2020-q2-update.win32_2.0.0.202105311346/tools/bin/../lib/gcc/arm-none-eabi/9.3.1/../../../../arm-none-eabi/lib/thumb/v7-m/nofp\libc_nano.a(lib_a-nano-mallocr.o)
                0x00000000080036b8                _malloc_r
 .text._realloc_r
                0x000000000800376c       0x4c d:/app downloaded/stm32 arm ide/stm32_app/stm32cubeide_1.7.0/stm32cubeide/plugins/com.st.stm32cube.ide.mcu.externaltools.gnu-tools-for-stm32.9-2020-q2-update.win32_2.0.0.202105311346/tools/bin/../lib/gcc/arm-none-eabi/9.3.1/../../../../arm-none-eabi/lib/thumb/v7-m/nofp\libc_nano.a(lib_a-nano-reallocr.o)
                0x000000000800376c                _realloc_r
 .text._sbrk_r  0x00000000080037b8       0x20 d:/app downloaded/stm32 arm ide/stm32_app/stm32cubeide_1.7.0/stm32cubeide/plugins/com.st.stm32cube.ide.mcu.externaltools.gnu-tools-for-stm32.9-2020-q2-update.win32_2.0.0.202105311346/tools/bin/../lib/gcc/arm-none-eabi/9.3.1/../../../../arm-none-eabi/lib/thumb/v7-m/nofp\libc_nano.a(lib_a-sbrkr.o)
                0x00000000080037b8                _sbrk_r
 .text.__malloc_lock
                0x00000000080037d8        0xc d:/app downloaded/stm32 arm ide/stm32_app/stm32cubeide_1.7.0/stm32cubeide/plugins/com.st.stm32cube.ide.mcu.externaltools.gnu-tools-for-stm32.9-2020-q2-update.win32_2.0.0.202105311346/tools/bin/../lib/gcc/arm-none-eabi/9.3.1/../../../../arm-none-eabi/lib/thumb/v7-m/nofp\libc_nano.a(lib_a-mlock.o)
                0x00000000080037d8                __malloc_lock
 .text.__malloc_unlock
                0x00000000080037e4        0xc d:/app downloaded/stm32 arm ide/stm32_app/stm32cubeide_1.7.0/stm32cubeide/plugins/com.st.stm32cube.ide.mcu.externaltools.gnu-tools-for-stm32.9-2020-q2-update.win32_2.0.0.202105311346/tools/bin/../lib/gcc/arm-none-eabi/9.3.1/../../../../arm-none-eabi/lib/thumb/v7-m/nofp\libc_nano.a(lib_a-mlock.o)
                0x00000000080037e4                __malloc_unlock
 .text._malloc_usable_size_r
                0x00000000080037f0       0x10 d:/app downloaded/stm32 arm ide/stm32_app/stm32cubeide_1.7.0/stm32cubeide/plugins/com.st.stm32cube.ide.mcu.externaltools.gnu-tools-for-stm32.9-2020-q2-update.win32_2.0.0.202105311346/tools/bin/../lib/gcc/arm-none-eabi/9.3.1/../../../../arm-none-eabi/lib/thumb/v7-m/nofp\libc_nano.a(lib_a-nano-msizer.o)
                0x00000000080037f0                _malloc_usable_size_r
 .text.__retarget_lock_acquire_recursive
                0x0000000008003800        0x2 d:/app downloaded/stm32 arm ide/stm32_app/stm32cubeide_1.7.0/stm32cubeide/plugins/com.st.stm32cube.ide.mcu.externaltools.gnu-tools-for-stm32.9-2020-q2-update.win32_2.0.0.202105311346/tools/bin/../lib/gcc/arm-none-eabi/9.3.1/../../../../arm-none-eabi/lib/thumb/v7-m/nofp\libc_nano.a(lib_a-lock.o)
                0x0000000008003800                __retarget_lock_acquire_recursive
 .text.__retarget_lock_release_recursive
                0x0000000008003802        0x2 d:/app downloaded/stm32 arm ide/stm32_app/stm32cubeide_1.7.0/stm32cubeide/plugins/com.st.stm32cube.ide.mcu.externaltools.gnu-tools-for-stm32.9-2020-q2-update.win32_2.0.0.202105311346/tools/bin/../lib/gcc/arm-none-eabi/9.3.1/../../../../arm-none-eabi/lib/thumb/v7-m/nofp\libc_nano.a(lib_a-lock.o)
                0x0000000008003802                __retarget_lock_release_recursive
 *(.glue_7)
 .glue_7        0x0000000008003804        0x0 linker stubs
 *(.glue_7t)
 .glue_7t       0x0000000008003804        0x0 linker stubs
 *(.eh_frame)
 .eh_frame      0x0000000008003804        0x0 d:/app downloaded/stm32 arm ide/stm32_app/stm32cubeide_1.7.0/stm32cubeide/plugins/com.st.stm32cube.ide.mcu.externaltools.gnu-tools-for-stm32.9-2020-q2-update.win32_2.0.0.202105311346/tools/bin/../lib/gcc/arm-none-eabi/9.3.1/thumb/v7-m/nofp/crtbegin.o
 *(.init)
 .init          0x0000000008003804        0x4 d:/app downloaded/stm32 arm ide/stm32_app/stm32cubeide_1.7.0/stm32cubeide/plugins/com.st.stm32cube.ide.mcu.externaltools.gnu-tools-for-stm32.9-2020-q2-update.win32_2.0.0.202105311346/tools/bin/../lib/gcc/arm-none-eabi/9.3.1/thumb/v7-m/nofp/crti.o
                0x0000000008003804                _init
 .init          0x0000000008003808        0x8 d:/app downloaded/stm32 arm ide/stm32_app/stm32cubeide_1.7.0/stm32cubeide/plugins/com.st.stm32cube.ide.mcu.externaltools.gnu-tools-for-stm32.9-2020-q2-update.win32_2.0.0.202105311346/tools/bin/../lib/gcc/arm-none-eabi/9.3.1/thumb/v7-m/nofp/crtn.o
 *(.fini)
 .fini          0x0000000008003810        0x4 d:/app downloaded/stm32 arm ide/stm32_app/stm32cubeide_1.7.0/stm32cubeide/plugins/com.st.stm32cube.ide.mcu.externaltools.gnu-tools-for-stm32.9-2020-q2-update.win32_2.0.0.202105311346/tools/bin/../lib/gcc/arm-none-eabi/9.3.1/thumb/v7-m/nofp/crti.o
                0x0000000008003810                _fini
 .fini          0x0000000008003814        0x8 d:/app downloaded/stm32 arm ide/stm32_app/stm32cubeide_1.7.0/stm32cubeide/plugins/com.st.stm32cube.ide.mcu.externaltools.gnu-tools-for-stm32.9-2020-q2-update.win32_2.0.0.202105311346/tools/bin/../lib/gcc/arm-none-eabi/9.3.1/thumb/v7-m/nofp/crtn.o
                0x000000000800381c                . = ALIGN (0x4)
                0x000000000800381c                _etext = .

.vfp11_veneer   0x000000000800381c        0x0
 .vfp11_veneer  0x000000000800381c        0x0 linker stubs

.v4_bx          0x000000000800381c        0x0
 .v4_bx         0x000000000800381c        0x0 linker stubs

.iplt           0x000000000800381c        0x0
 .iplt          0x000000000800381c        0x0 d:/app downloaded/stm32 arm ide/stm32_app/stm32cubeide_1.7.0/stm32cubeide/plugins/com.st.stm32cube.ide.mcu.externaltools.gnu-tools-for-stm32.9-2020-q2-update.win32_2.0.0.202105311346/tools/bin/../lib/gcc/arm-none-eabi/9.3.1/thumb/v7-m/nofp/crtbegin.o

.rodata         0x000000000800381c       0xa8
                0x000000000800381c                . = ALIGN (0x4)
 *(.rodata)
 .rodata        0x000000000800381c       0x10 ./Core/Src/liquidcrystal_i2c.o
 .rodata        0x000000000800382c       0x37 ./Core/Src/main.o
 *(.rodata*)
 *fill*         0x0000000008003863        0x1 
 .rodata.AHBPrescTable
                0x0000000008003864       0x10 ./Core/Src/system_stm32f1xx.o
                0x0000000008003864                AHBPrescTable
 .rodata.APBPrescTable
                0x0000000008003874        0x8 ./Core/Src/system_stm32f1xx.o
                0x0000000008003874                APBPrescTable
 .rodata.aPLLMULFactorTable.6283
                0x000000000800387c       0x10 ./Drivers/STM32F1xx_HAL_Driver/Src/stm32f1xx_hal_rcc.o
 .rodata.aPredivFactorTable.6284
                0x000000000800388c        0x2 ./Drivers/STM32F1xx_HAL_Driver/Src/stm32f1xx_hal_rcc.o
 .rodata._svfprintf_r.str1.1
                0x000000000800388e       0x11 d:/app downloaded/stm32 arm ide/stm32_app/stm32cubeide_1.7.0/stm32cubeide/plugins/com.st.stm32cube.ide.mcu.externaltools.gnu-tools-for-stm32.9-2020-q2-update.win32_2.0.0.202105311346/tools/bin/../lib/gcc/arm-none-eabi/9.3.1/../../../../arm-none-eabi/lib/thumb/v7-m/nofp\libc_nano.a(lib_a-nano-svfprintf.o)
 .rodata._printf_i.str1.1
                0x000000000800389f       0x22 d:/app downloaded/stm32 arm ide/stm32_app/stm32cubeide_1.7.0/stm32cubeide/plugins/com.st.stm32cube.ide.mcu.externaltools.gnu-tools-for-stm32.9-2020-q2-update.win32_2.0.0.202105311346/tools/bin/../lib/gcc/arm-none-eabi/9.3.1/../../../../arm-none-eabi/lib/thumb/v7-m/nofp\libc_nano.a(lib_a-nano-vfprintf_i.o)
                0x00000000080038c4                . = ALIGN (0x4)
 *fill*         0x00000000080038c1        0x3 

.rel.dyn        0x00000000080038c4        0x0
 .rel.iplt      0x00000000080038c4        0x0 d:/app downloaded/stm32 arm ide/stm32_app/stm32cubeide_1.7.0/stm32cubeide/plugins/com.st.stm32cube.ide.mcu.externaltools.gnu-tools-for-stm32.9-2020-q2-update.win32_2.0.0.202105311346/tools/bin/../lib/gcc/arm-none-eabi/9.3.1/thumb/v7-m/nofp/crtbegin.o

.ARM.extab      0x00000000080038c4        0x0
                0x00000000080038c4                . = ALIGN (0x4)
 *(.ARM.extab* .gnu.linkonce.armextab.*)
                0x00000000080038c4                . = ALIGN (0x4)

.ARM            0x00000000080038c4        0x0
                0x00000000080038c4                . = ALIGN (0x4)
                0x00000000080038c4                __exidx_start = .
 *(.ARM.exidx*)
                0x00000000080038c4                __exidx_end = .
                0x00000000080038c4                . = ALIGN (0x4)

.preinit_array  0x00000000080038c4        0x0
                0x00000000080038c4                . = ALIGN (0x4)
                0x00000000080038c4                PROVIDE (__preinit_array_start = .)
 *(.preinit_array*)
                0x00000000080038c4                PROVIDE (__preinit_array_end = .)
                0x00000000080038c4                . = ALIGN (0x4)

.init_array     0x00000000080038c4        0x4
                0x00000000080038c4                . = ALIGN (0x4)
                0x00000000080038c4                PROVIDE (__init_array_start = .)
 *(SORT_BY_NAME(.init_array.*))
 *(.init_array*)
 .init_array    0x00000000080038c4        0x4 d:/app downloaded/stm32 arm ide/stm32_app/stm32cubeide_1.7.0/stm32cubeide/plugins/com.st.stm32cube.ide.mcu.externaltools.gnu-tools-for-stm32.9-2020-q2-update.win32_2.0.0.202105311346/tools/bin/../lib/gcc/arm-none-eabi/9.3.1/thumb/v7-m/nofp/crtbegin.o
                0x00000000080038c8                PROVIDE (__init_array_end = .)
                0x00000000080038c8                . = ALIGN (0x4)

.fini_array     0x00000000080038c8        0x4
                0x00000000080038c8                . = ALIGN (0x4)
                [!provide]                        PROVIDE (__fini_array_start = .)
 *(SORT_BY_NAME(.fini_array.*))
 *(.fini_array*)
 .fini_array    0x00000000080038c8        0x4 d:/app downloaded/stm32 arm ide/stm32_app/stm32cubeide_1.7.0/stm32cubeide/plugins/com.st.stm32cube.ide.mcu.externaltools.gnu-tools-for-stm32.9-2020-q2-update.win32_2.0.0.202105311346/tools/bin/../lib/gcc/arm-none-eabi/9.3.1/thumb/v7-m/nofp/crtbegin.o
                [!provide]                        PROVIDE (__fini_array_end = .)
                0x00000000080038cc                . = ALIGN (0x4)
                0x00000000080038cc                _sidata = LOADADDR (.data)

.data           0x0000000020000000       0xc8 load address 0x00000000080038cc
                0x0000000020000000                . = ALIGN (0x4)
                0x0000000020000000                _sdata = .
 *(.data)
 *(.data*)
 .data.KeyReg0  0x0000000020000000        0xc ./Core/Src/button.o
                0x0000000020000000                KeyReg0
 .data.KeyReg1  0x000000002000000c        0xc ./Core/Src/button.o
                0x000000002000000c                KeyReg1
 .data.KeyReg2  0x0000000020000018        0xc ./Core/Src/button.o
                0x0000000020000018                KeyReg2
 .data.KeyReg3  0x0000000020000024        0xc ./Core/Src/button.o
                0x0000000020000024                KeyReg3
 .data.Key      0x0000000020000030        0xc ./Core/Src/button.o
                0x0000000020000030                Key
 .data.TimeOutForKeyPress
                0x000000002000003c        0xc ./Core/Src/button.o
                0x000000002000003c                TimeOutForKeyPress
 .data.special1
                0x0000000020000048        0x8 ./Core/Src/liquidcrystal_i2c.o
                0x0000000020000048                special1
 .data.special2
                0x0000000020000050        0x8 ./Core/Src/liquidcrystal_i2c.o
                0x0000000020000050                special2
 .data.SystemCoreClock
                0x0000000020000058        0x4 ./Core/Src/system_stm32f1xx.o
                0x0000000020000058                SystemCoreClock
 .data.uwTickPrio
                0x000000002000005c        0x4 ./Drivers/STM32F1xx_HAL_Driver/Src/stm32f1xx_hal.o
                0x000000002000005c                uwTickPrio
 .data.uwTickFreq
                0x0000000020000060        0x1 ./Drivers/STM32F1xx_HAL_Driver/Src/stm32f1xx_hal.o
                0x0000000020000060                uwTickFreq
 *fill*         0x0000000020000061        0x3 
 .data._impure_ptr
                0x0000000020000064        0x4 d:/app downloaded/stm32 arm ide/stm32_app/stm32cubeide_1.7.0/stm32cubeide/plugins/com.st.stm32cube.ide.mcu.externaltools.gnu-tools-for-stm32.9-2020-q2-update.win32_2.0.0.202105311346/tools/bin/../lib/gcc/arm-none-eabi/9.3.1/../../../../arm-none-eabi/lib/thumb/v7-m/nofp\libc_nano.a(lib_a-impure.o)
                0x0000000020000064                _impure_ptr
 .data.impure_data
                0x0000000020000068       0x60 d:/app downloaded/stm32 arm ide/stm32_app/stm32cubeide_1.7.0/stm32cubeide/plugins/com.st.stm32cube.ide.mcu.externaltools.gnu-tools-for-stm32.9-2020-q2-update.win32_2.0.0.202105311346/tools/bin/../lib/gcc/arm-none-eabi/9.3.1/../../../../arm-none-eabi/lib/thumb/v7-m/nofp\libc_nano.a(lib_a-impure.o)
 *(.RamFunc)
 *(.RamFunc*)
                0x00000000200000c8                . = ALIGN (0x4)
                0x00000000200000c8                _edata = .

.igot.plt       0x00000000200000c8        0x0 load address 0x0000000008003994
 .igot.plt      0x00000000200000c8        0x0 d:/app downloaded/stm32 arm ide/stm32_app/stm32cubeide_1.7.0/stm32cubeide/plugins/com.st.stm32cube.ide.mcu.externaltools.gnu-tools-for-stm32.9-2020-q2-update.win32_2.0.0.202105311346/tools/bin/../lib/gcc/arm-none-eabi/9.3.1/thumb/v7-m/nofp/crtbegin.o
                0x00000000200000c8                . = ALIGN (0x4)

.bss            0x00000000200000c8      0x13c load address 0x0000000008003994
                0x00000000200000c8                _sbss = .
                0x00000000200000c8                __bss_start__ = _sbss
 *(.bss)
 .bss           0x00000000200000c8       0x1c d:/app downloaded/stm32 arm ide/stm32_app/stm32cubeide_1.7.0/stm32cubeide/plugins/com.st.stm32cube.ide.mcu.externaltools.gnu-tools-for-stm32.9-2020-q2-update.win32_2.0.0.202105311346/tools/bin/../lib/gcc/arm-none-eabi/9.3.1/thumb/v7-m/nofp/crtbegin.o
 *(.bss*)
 .bss.button_flag
                0x00000000200000e4        0xc ./Core/Src/button.o
                0x00000000200000e4                button_flag
 .bss.__sbrk_heap_end
                0x00000000200000f0        0x4 ./Core/Src/sysmem.o
 .bss.__malloc_free_list
                0x00000000200000f4        0x4 d:/app downloaded/stm32 arm ide/stm32_app/stm32cubeide_1.7.0/stm32cubeide/plugins/com.st.stm32cube.ide.mcu.externaltools.gnu-tools-for-stm32.9-2020-q2-update.win32_2.0.0.202105311346/tools/bin/../lib/gcc/arm-none-eabi/9.3.1/../../../../arm-none-eabi/lib/thumb/v7-m/nofp\libc_nano.a(lib_a-nano-mallocr.o)
                0x00000000200000f4                __malloc_free_list
 .bss.__malloc_sbrk_start
                0x00000000200000f8        0x4 d:/app downloaded/stm32 arm ide/stm32_app/stm32cubeide_1.7.0/stm32cubeide/plugins/com.st.stm32cube.ide.mcu.externaltools.gnu-tools-for-stm32.9-2020-q2-update.win32_2.0.0.202105311346/tools/bin/../lib/gcc/arm-none-eabi/9.3.1/../../../../arm-none-eabi/lib/thumb/v7-m/nofp\libc_nano.a(lib_a-nano-mallocr.o)
                0x00000000200000f8                __malloc_sbrk_start
 *(COMMON)
 COMMON         0x00000000200000fc        0x5 ./Core/Src/liquidcrystal_i2c.o
                0x00000000200000fc                dpFunction
                0x00000000200000fd                dpMode
                0x00000000200000fe                dpRows
                0x00000000200000ff                dpControl
                0x0000000020000100                dpBacklight
 *fill*         0x0000000020000101        0x3 
 COMMON         0x0000000020000104       0x9c ./Core/Src/main.o
                0x0000000020000104                hi2c1
                0x0000000020000158                htim2
 COMMON         0x00000000200001a0       0x50 ./Core/Src/software_timer.o
                0x00000000200001a0                timerFlag
                0x00000000200001c8                timerCounter
 COMMON         0x00000000200001f0        0x4 ./Drivers/STM32F1xx_HAL_Driver/Src/stm32f1xx_hal.o
                0x00000000200001f0                uwTick
 COMMON         0x00000000200001f4        0x4 d:/app downloaded/stm32 arm ide/stm32_app/stm32cubeide_1.7.0/stm32cubeide/plugins/com.st.stm32cube.ide.mcu.externaltools.gnu-tools-for-stm32.9-2020-q2-update.win32_2.0.0.202105311346/tools/bin/../lib/gcc/arm-none-eabi/9.3.1/../../../../arm-none-eabi/lib/thumb/v7-m/nofp\libc_nano.a(lib_a-reent.o)
                0x00000000200001f4                errno
 COMMON         0x00000000200001f8        0x9 d:/app downloaded/stm32 arm ide/stm32_app/stm32cubeide_1.7.0/stm32cubeide/plugins/com.st.stm32cube.ide.mcu.externaltools.gnu-tools-for-stm32.9-2020-q2-update.win32_2.0.0.202105311346/tools/bin/../lib/gcc/arm-none-eabi/9.3.1/../../../../arm-none-eabi/lib/thumb/v7-m/nofp\libc_nano.a(lib_a-lock.o)
                0x00000000200001f8                __lock___atexit_recursive_mutex
                0x00000000200001f9                __lock___arc4random_mutex
                0x00000000200001fa                __lock___env_recursive_mutex
                0x00000000200001fb                __lock___sinit_recursive_mutex
                0x00000000200001fc                __lock___malloc_recursive_mutex
                0x00000000200001fd                __lock___at_quick_exit_mutex
                0x00000000200001fe                __lock___dd_hash_mutex
                0x00000000200001ff                __lock___tz_mutex
                0x0000000020000200                __lock___sfp_recursive_mutex
                0x0000000020000204                . = ALIGN (0x4)
 *fill*         0x0000000020000201        0x3 
                0x0000000020000204                _ebss = .
                0x0000000020000204                __bss_end__ = _ebss

._user_heap_stack
                0x0000000020000204      0x604 load address 0x0000000008003994
                0x0000000020000208                . = ALIGN (0x8)
 *fill*         0x0000000020000204        0x4 
                [!provide]                        PROVIDE (end = .)
                0x0000000020000208                PROVIDE (_end = .)
                0x0000000020000408                . = (. + _Min_Heap_Size)
 *fill*         0x0000000020000208      0x200 
                0x0000000020000808                . = (. + _Min_Stack_Size)
 *fill*         0x0000000020000408      0x400 
                0x0000000020000808                . = ALIGN (0x8)

/DISCARD/
 libc.a(*)
 libm.a(*)
 libgcc.a(*)

.ARM.attributes
                0x0000000000000000       0x29
 *(.ARM.attributes)
 .ARM.attributes
                0x0000000000000000       0x1d d:/app downloaded/stm32 arm ide/stm32_app/stm32cubeide_1.7.0/stm32cubeide/plugins/com.st.stm32cube.ide.mcu.externaltools.gnu-tools-for-stm32.9-2020-q2-update.win32_2.0.0.202105311346/tools/bin/../lib/gcc/arm-none-eabi/9.3.1/thumb/v7-m/nofp/crti.o
 .ARM.attributes
                0x000000000000001d       0x2d d:/app downloaded/stm32 arm ide/stm32_app/stm32cubeide_1.7.0/stm32cubeide/plugins/com.st.stm32cube.ide.mcu.externaltools.gnu-tools-for-stm32.9-2020-q2-update.win32_2.0.0.202105311346/tools/bin/../lib/gcc/arm-none-eabi/9.3.1/thumb/v7-m/nofp/crtbegin.o
 .ARM.attributes
                0x000000000000004a       0x2d ./Core/Src/button.o
 .ARM.attributes
                0x0000000000000077       0x2d ./Core/Src/liquidcrystal_i2c.o
 .ARM.attributes
                0x00000000000000a4       0x2d ./Core/Src/main.o
 .ARM.attributes
                0x00000000000000d1       0x2d ./Core/Src/software_timer.o
 .ARM.attributes
                0x00000000000000fe       0x2d ./Core/Src/stm32f1xx_hal_msp.o
 .ARM.attributes
                0x000000000000012b       0x2d ./Core/Src/stm32f1xx_it.o
 .ARM.attributes
                0x0000000000000158       0x2d ./Core/Src/sysmem.o
 .ARM.attributes
                0x0000000000000185       0x2d ./Core/Src/system_stm32f1xx.o
 .ARM.attributes
                0x00000000000001b2       0x21 ./Core/Startup/startup_stm32f103rbtx.o
 .ARM.attributes
                0x00000000000001d3       0x2d ./Drivers/STM32F1xx_HAL_Driver/Src/stm32f1xx_hal.o
 .ARM.attributes
                0x0000000000000200       0x2d ./Drivers/STM32F1xx_HAL_Driver/Src/stm32f1xx_hal_cortex.o
 .ARM.attributes
                0x000000000000022d       0x2d ./Drivers/STM32F1xx_HAL_Driver/Src/stm32f1xx_hal_gpio.o
 .ARM.attributes
                0x000000000000025a       0x2d ./Drivers/STM32F1xx_HAL_Driver/Src/stm32f1xx_hal_i2c.o
 .ARM.attributes
                0x0000000000000287       0x2d ./Drivers/STM32F1xx_HAL_Driver/Src/stm32f1xx_hal_rcc.o
 .ARM.attributes
                0x00000000000002b4       0x2d ./Drivers/STM32F1xx_HAL_Driver/Src/stm32f1xx_hal_tim.o
 .ARM.attributes
                0x00000000000002e1       0x2d ./Drivers/STM32F1xx_HAL_Driver/Src/stm32f1xx_hal_tim_ex.o
 .ARM.attributes
                0x000000000000030e       0x2d d:/app downloaded/stm32 arm ide/stm32_app/stm32cubeide_1.7.0/stm32cubeide/plugins/com.st.stm32cube.ide.mcu.externaltools.gnu-tools-for-stm32.9-2020-q2-update.win32_2.0.0.202105311346/tools/bin/../lib/gcc/arm-none-eabi/9.3.1/../../../../arm-none-eabi/lib/thumb/v7-m/nofp\libc_nano.a(lib_a-errno.o)
 .ARM.attributes
                0x000000000000033b       0x2d d:/app downloaded/stm32 arm ide/stm32_app/stm32cubeide_1.7.0/stm32cubeide/plugins/com.st.stm32cube.ide.mcu.externaltools.gnu-tools-for-stm32.9-2020-q2-update.win32_2.0.0.202105311346/tools/bin/../lib/gcc/arm-none-eabi/9.3.1/../../../../arm-none-eabi/lib/thumb/v7-m/nofp\libc_nano.a(lib_a-impure.o)
 .ARM.attributes
                0x0000000000000368       0x2d d:/app downloaded/stm32 arm ide/stm32_app/stm32cubeide_1.7.0/stm32cubeide/plugins/com.st.stm32cube.ide.mcu.externaltools.gnu-tools-for-stm32.9-2020-q2-update.win32_2.0.0.202105311346/tools/bin/../lib/gcc/arm-none-eabi/9.3.1/../../../../arm-none-eabi/lib/thumb/v7-m/nofp\libc_nano.a(lib_a-init.o)
 .ARM.attributes
                0x0000000000000395       0x2d d:/app downloaded/stm32 arm ide/stm32_app/stm32cubeide_1.7.0/stm32cubeide/plugins/com.st.stm32cube.ide.mcu.externaltools.gnu-tools-for-stm32.9-2020-q2-update.win32_2.0.0.202105311346/tools/bin/../lib/gcc/arm-none-eabi/9.3.1/../../../../arm-none-eabi/lib/thumb/v7-m/nofp\libc_nano.a(lib_a-memset.o)
 .ARM.attributes
                0x00000000000003c2       0x2d d:/app downloaded/stm32 arm ide/stm32_app/stm32cubeide_1.7.0/stm32cubeide/plugins/com.st.stm32cube.ide.mcu.externaltools.gnu-tools-for-stm32.9-2020-q2-update.win32_2.0.0.202105311346/tools/bin/../lib/gcc/arm-none-eabi/9.3.1/../../../../arm-none-eabi/lib/thumb/v7-m/nofp\libc_nano.a(lib_a-snprintf.o)
 .ARM.attributes
                0x00000000000003ef       0x2d d:/app downloaded/stm32 arm ide/stm32_app/stm32cubeide_1.7.0/stm32cubeide/plugins/com.st.stm32cube.ide.mcu.externaltools.gnu-tools-for-stm32.9-2020-q2-update.win32_2.0.0.202105311346/tools/bin/../lib/gcc/arm-none-eabi/9.3.1/../../../../arm-none-eabi/lib/thumb/v7-m/nofp\libc_nano.a(lib_a-nano-svfprintf.o)
 .ARM.attributes
                0x000000000000041c       0x2d d:/app downloaded/stm32 arm ide/stm32_app/stm32cubeide_1.7.0/stm32cubeide/plugins/com.st.stm32cube.ide.mcu.externaltools.gnu-tools-for-stm32.9-2020-q2-update.win32_2.0.0.202105311346/tools/bin/../lib/gcc/arm-none-eabi/9.3.1/../../../../arm-none-eabi/lib/thumb/v7-m/nofp\libc_nano.a(lib_a-nano-vfprintf_i.o)
 .ARM.attributes
                0x0000000000000449       0x2d d:/app downloaded/stm32 arm ide/stm32_app/stm32cubeide_1.7.0/stm32cubeide/plugins/com.st.stm32cube.ide.mcu.externaltools.gnu-tools-for-stm32.9-2020-q2-update.win32_2.0.0.202105311346/tools/bin/../lib/gcc/arm-none-eabi/9.3.1/../../../../arm-none-eabi/lib/thumb/v7-m/nofp\libc_nano.a(lib_a-memchr-stub.o)
 .ARM.attributes
                0x0000000000000476       0x2d d:/app downloaded/stm32 arm ide/stm32_app/stm32cubeide_1.7.0/stm32cubeide/plugins/com.st.stm32cube.ide.mcu.externaltools.gnu-tools-for-stm32.9-2020-q2-update.win32_2.0.0.202105311346/tools/bin/../lib/gcc/arm-none-eabi/9.3.1/../../../../arm-none-eabi/lib/thumb/v7-m/nofp\libc_nano.a(lib_a-memcpy-stub.o)
 .ARM.attributes
                0x00000000000004a3       0x2d d:/app downloaded/stm32 arm ide/stm32_app/stm32cubeide_1.7.0/stm32cubeide/plugins/com.st.stm32cube.ide.mcu.externaltools.gnu-tools-for-stm32.9-2020-q2-update.win32_2.0.0.202105311346/tools/bin/../lib/gcc/arm-none-eabi/9.3.1/../../../../arm-none-eabi/lib/thumb/v7-m/nofp\libc_nano.a(lib_a-memmove.o)
 .ARM.attributes
                0x00000000000004d0       0x2d d:/app downloaded/stm32 arm ide/stm32_app/stm32cubeide_1.7.0/stm32cubeide/plugins/com.st.stm32cube.ide.mcu.externaltools.gnu-tools-for-stm32.9-2020-q2-update.win32_2.0.0.202105311346/tools/bin/../lib/gcc/arm-none-eabi/9.3.1/../../../../arm-none-eabi/lib/thumb/v7-m/nofp\libc_nano.a(lib_a-nano-freer.o)
 .ARM.attributes
                0x00000000000004fd       0x2d d:/app downloaded/stm32 arm ide/stm32_app/stm32cubeide_1.7.0/stm32cubeide/plugins/com.st.stm32cube.ide.mcu.externaltools.gnu-tools-for-stm32.9-2020-q2-update.win32_2.0.0.202105311346/tools/bin/../lib/gcc/arm-none-eabi/9.3.1/../../../../arm-none-eabi/lib/thumb/v7-m/nofp\libc_nano.a(lib_a-nano-mallocr.o)
 .ARM.attributes
                0x000000000000052a       0x2d d:/app downloaded/stm32 arm ide/stm32_app/stm32cubeide_1.7.0/stm32cubeide/plugins/com.st.stm32cube.ide.mcu.externaltools.gnu-tools-for-stm32.9-2020-q2-update.win32_2.0.0.202105311346/tools/bin/../lib/gcc/arm-none-eabi/9.3.1/../../../../arm-none-eabi/lib/thumb/v7-m/nofp\libc_nano.a(lib_a-nano-reallocr.o)
 .ARM.attributes
                0x0000000000000557       0x2d d:/app downloaded/stm32 arm ide/stm32_app/stm32cubeide_1.7.0/stm32cubeide/plugins/com.st.stm32cube.ide.mcu.externaltools.gnu-tools-for-stm32.9-2020-q2-update.win32_2.0.0.202105311346/tools/bin/../lib/gcc/arm-none-eabi/9.3.1/../../../../arm-none-eabi/lib/thumb/v7-m/nofp\libc_nano.a(lib_a-sbrkr.o)
 .ARM.attributes
                0x0000000000000584       0x2d d:/app downloaded/stm32 arm ide/stm32_app/stm32cubeide_1.7.0/stm32cubeide/plugins/com.st.stm32cube.ide.mcu.externaltools.gnu-tools-for-stm32.9-2020-q2-update.win32_2.0.0.202105311346/tools/bin/../lib/gcc/arm-none-eabi/9.3.1/../../../../arm-none-eabi/lib/thumb/v7-m/nofp\libc_nano.a(lib_a-mlock.o)
 .ARM.attributes
                0x00000000000005b1       0x2d d:/app downloaded/stm32 arm ide/stm32_app/stm32cubeide_1.7.0/stm32cubeide/plugins/com.st.stm32cube.ide.mcu.externaltools.gnu-tools-for-stm32.9-2020-q2-update.win32_2.0.0.202105311346/tools/bin/../lib/gcc/arm-none-eabi/9.3.1/../../../../arm-none-eabi/lib/thumb/v7-m/nofp\libc_nano.a(lib_a-nano-msizer.o)
 .ARM.attributes
                0x00000000000005de       0x2d d:/app downloaded/stm32 arm ide/stm32_app/stm32cubeide_1.7.0/stm32cubeide/plugins/com.st.stm32cube.ide.mcu.externaltools.gnu-tools-for-stm32.9-2020-q2-update.win32_2.0.0.202105311346/tools/bin/../lib/gcc/arm-none-eabi/9.3.1/../../../../arm-none-eabi/lib/thumb/v7-m/nofp\libc_nano.a(lib_a-reent.o)
 .ARM.attributes
                0x000000000000060b       0x2d d:/app downloaded/stm32 arm ide/stm32_app/stm32cubeide_1.7.0/stm32cubeide/plugins/com.st.stm32cube.ide.mcu.externaltools.gnu-tools-for-stm32.9-2020-q2-update.win32_2.0.0.202105311346/tools/bin/../lib/gcc/arm-none-eabi/9.3.1/../../../../arm-none-eabi/lib/thumb/v7-m/nofp\libc_nano.a(lib_a-lock.o)
 .ARM.attributes
                0x0000000000000638       0x1d d:/app downloaded/stm32 arm ide/stm32_app/stm32cubeide_1.7.0/stm32cubeide/plugins/com.st.stm32cube.ide.mcu.externaltools.gnu-tools-for-stm32.9-2020-q2-update.win32_2.0.0.202105311346/tools/bin/../lib/gcc/arm-none-eabi/9.3.1/thumb/v7-m/nofp/crtn.o
OUTPUT(F103RB.elf elf32-littlearm)
LOAD linker stubs
LOAD d:/app downloaded/stm32 arm ide/stm32_app/stm32cubeide_1.7.0/stm32cubeide/plugins/com.st.stm32cube.ide.mcu.externaltools.gnu-tools-for-stm32.9-2020-q2-update.win32_2.0.0.202105311346/tools/bin/../lib/gcc/arm-none-eabi/9.3.1/../../../../arm-none-eabi/lib/thumb/v7-m/nofp\libc.a
LOAD d:/app downloaded/stm32 arm ide/stm32_app/stm32cubeide_1.7.0/stm32cubeide/plugins/com.st.stm32cube.ide.mcu.externaltools.gnu-tools-for-stm32.9-2020-q2-update.win32_2.0.0.202105311346/tools/bin/../lib/gcc/arm-none-eabi/9.3.1/../../../../arm-none-eabi/lib/thumb/v7-m/nofp\libm.a
LOAD d:/app downloaded/stm32 arm ide/stm32_app/stm32cubeide_1.7.0/stm32cubeide/plugins/com.st.stm32cube.ide.mcu.externaltools.gnu-tools-for-stm32.9-2020-q2-update.win32_2.0.0.202105311346/tools/bin/../lib/gcc/arm-none-eabi/9.3.1/thumb/v7-m/nofp\libgcc.a

.debug_info     0x0000000000000000     0xd9e8
 .debug_info    0x0000000000000000      0x327 ./Core/Src/button.o
 .debug_info    0x0000000000000327      0xcfe ./Core/Src/liquidcrystal_i2c.o
 .debug_info    0x0000000000001025     0x1928 ./Core/Src/main.o
 .debug_info    0x000000000000294d       0xf5 ./Core/Src/software_timer.o
 .debug_info    0x0000000000002a42      0xe68 ./Core/Src/stm32f1xx_hal_msp.o
 .debug_info    0x00000000000038aa      0x7e3 ./Core/Src/stm32f1xx_it.o
 .debug_info    0x000000000000408d      0xa25 ./Core/Src/sysmem.o
 .debug_info    0x0000000000004ab2      0x2be ./Core/Src/system_stm32f1xx.o
 .debug_info    0x0000000000004d70       0x22 ./Core/Startup/startup_stm32f103rbtx.o
 .debug_info    0x0000000000004d92      0x76a ./Drivers/STM32F1xx_HAL_Driver/Src/stm32f1xx_hal.o
 .debug_info    0x00000000000054fc      0xbdc ./Drivers/STM32F1xx_HAL_Driver/Src/stm32f1xx_hal_cortex.o
 .debug_info    0x00000000000060d8      0x701 ./Drivers/STM32F1xx_HAL_Driver/Src/stm32f1xx_hal_gpio.o
 .debug_info    0x00000000000067d9     0x27cb ./Drivers/STM32F1xx_HAL_Driver/Src/stm32f1xx_hal_i2c.o
 .debug_info    0x0000000000008fa4      0x893 ./Drivers/STM32F1xx_HAL_Driver/Src/stm32f1xx_hal_rcc.o
 .debug_info    0x0000000000009837     0x2c32 ./Drivers/STM32F1xx_HAL_Driver/Src/stm32f1xx_hal_tim.o
 .debug_info    0x000000000000c469     0x157f ./Drivers/STM32F1xx_HAL_Driver/Src/stm32f1xx_hal_tim_ex.o

.debug_abbrev   0x0000000000000000     0x1efa
 .debug_abbrev  0x0000000000000000      0x173 ./Core/Src/button.o
 .debug_abbrev  0x0000000000000173      0x2a1 ./Core/Src/liquidcrystal_i2c.o
 .debug_abbrev  0x0000000000000414      0x313 ./Core/Src/main.o
 .debug_abbrev  0x0000000000000727       0xcf ./Core/Src/software_timer.o
 .debug_abbrev  0x00000000000007f6      0x1c8 ./Core/Src/stm32f1xx_hal_msp.o
 .debug_abbrev  0x00000000000009be      0x176 ./Core/Src/stm32f1xx_it.o
 .debug_abbrev  0x0000000000000b34      0x1bf ./Core/Src/sysmem.o
 .debug_abbrev  0x0000000000000cf3      0x14e ./Core/Src/system_stm32f1xx.o
 .debug_abbrev  0x0000000000000e41       0x12 ./Core/Startup/startup_stm32f103rbtx.o
 .debug_abbrev  0x0000000000000e53      0x1ed ./Drivers/STM32F1xx_HAL_Driver/Src/stm32f1xx_hal.o
 .debug_abbrev  0x0000000000001040      0x313 ./Drivers/STM32F1xx_HAL_Driver/Src/stm32f1xx_hal_cortex.o
 .debug_abbrev  0x0000000000001353      0x1e8 ./Drivers/STM32F1xx_HAL_Driver/Src/stm32f1xx_hal_gpio.o
 .debug_abbrev  0x000000000000153b      0x288 ./Drivers/STM32F1xx_HAL_Driver/Src/stm32f1xx_hal_i2c.o
 .debug_abbrev  0x00000000000017c3      0x273 ./Drivers/STM32F1xx_HAL_Driver/Src/stm32f1xx_hal_rcc.o
 .debug_abbrev  0x0000000000001a36      0x25e ./Drivers/STM32F1xx_HAL_Driver/Src/stm32f1xx_hal_tim.o
 .debug_abbrev  0x0000000000001c94      0x266 ./Drivers/STM32F1xx_HAL_Driver/Src/stm32f1xx_hal_tim_ex.o

.debug_aranges  0x0000000000000000      0xd98
 .debug_aranges
                0x0000000000000000       0x40 ./Core/Src/button.o
 .debug_aranges
                0x0000000000000040      0x110 ./Core/Src/liquidcrystal_i2c.o
 .debug_aranges
                0x0000000000000150       0x50 ./Core/Src/main.o
 .debug_aranges
                0x00000000000001a0       0x30 ./Core/Src/software_timer.o
 .debug_aranges
                0x00000000000001d0       0x40 ./Core/Src/stm32f1xx_hal_msp.o
 .debug_aranges
                0x0000000000000210       0x70 ./Core/Src/stm32f1xx_it.o
 .debug_aranges
                0x0000000000000280       0x20 ./Core/Src/sysmem.o
 .debug_aranges
                0x00000000000002a0       0x28 ./Core/Src/system_stm32f1xx.o
 .debug_aranges
                0x00000000000002c8       0x28 ./Core/Startup/startup_stm32f103rbtx.o
 .debug_aranges
                0x00000000000002f0       0xe0 ./Drivers/STM32F1xx_HAL_Driver/Src/stm32f1xx_hal.o
 .debug_aranges
                0x00000000000003d0      0x100 ./Drivers/STM32F1xx_HAL_Driver/Src/stm32f1xx_hal_cortex.o
 .debug_aranges
                0x00000000000004d0       0x58 ./Drivers/STM32F1xx_HAL_Driver/Src/stm32f1xx_hal_gpio.o
 .debug_aranges
                0x0000000000000528      0x2a8 ./Drivers/STM32F1xx_HAL_Driver/Src/stm32f1xx_hal_i2c.o
 .debug_aranges
                0x00000000000007d0       0x90 ./Drivers/STM32F1xx_HAL_Driver/Src/stm32f1xx_hal_rcc.o
 .debug_aranges
                0x0000000000000860      0x3d0 ./Drivers/STM32F1xx_HAL_Driver/Src/stm32f1xx_hal_tim.o
 .debug_aranges
                0x0000000000000c30      0x168 ./Drivers/STM32F1xx_HAL_Driver/Src/stm32f1xx_hal_tim_ex.o

.debug_ranges   0x0000000000000000      0xcb8
 .debug_ranges  0x0000000000000000       0x30 ./Core/Src/button.o
 .debug_ranges  0x0000000000000030      0x100 ./Core/Src/liquidcrystal_i2c.o
 .debug_ranges  0x0000000000000130       0x40 ./Core/Src/main.o
 .debug_ranges  0x0000000000000170       0x20 ./Core/Src/software_timer.o
 .debug_ranges  0x0000000000000190       0x30 ./Core/Src/stm32f1xx_hal_msp.o
 .debug_ranges  0x00000000000001c0       0x60 ./Core/Src/stm32f1xx_it.o
 .debug_ranges  0x0000000000000220       0x10 ./Core/Src/sysmem.o
 .debug_ranges  0x0000000000000230       0x18 ./Core/Src/system_stm32f1xx.o
 .debug_ranges  0x0000000000000248       0x20 ./Core/Startup/startup_stm32f103rbtx.o
 .debug_ranges  0x0000000000000268       0xd0 ./Drivers/STM32F1xx_HAL_Driver/Src/stm32f1xx_hal.o
 .debug_ranges  0x0000000000000338       0xf0 ./Drivers/STM32F1xx_HAL_Driver/Src/stm32f1xx_hal_cortex.o
 .debug_ranges  0x0000000000000428       0x48 ./Drivers/STM32F1xx_HAL_Driver/Src/stm32f1xx_hal_gpio.o
 .debug_ranges  0x0000000000000470      0x2b0 ./Drivers/STM32F1xx_HAL_Driver/Src/stm32f1xx_hal_i2c.o
 .debug_ranges  0x0000000000000720       0x80 ./Drivers/STM32F1xx_HAL_Driver/Src/stm32f1xx_hal_rcc.o
 .debug_ranges  0x00000000000007a0      0x3c0 ./Drivers/STM32F1xx_HAL_Driver/Src/stm32f1xx_hal_tim.o
 .debug_ranges  0x0000000000000b60      0x158 ./Drivers/STM32F1xx_HAL_Driver/Src/stm32f1xx_hal_tim_ex.o

.debug_macro    0x0000000000000000    0x1801f
 .debug_macro   0x0000000000000000      0x1c1 ./Core/Src/button.o
 .debug_macro   0x00000000000001c1      0xa9c ./Core/Src/button.o
 .debug_macro   0x0000000000000c5d      0x21b ./Core/Src/button.o
 .debug_macro   0x0000000000000e78       0x2e ./Core/Src/button.o
 .debug_macro   0x0000000000000ea6       0x22 ./Core/Src/button.o
 .debug_macro   0x0000000000000ec8       0x22 ./Core/Src/button.o
 .debug_macro   0x0000000000000eea       0x8e ./Core/Src/button.o
 .debug_macro   0x0000000000000f78       0x51 ./Core/Src/button.o
 .debug_macro   0x0000000000000fc9      0x103 ./Core/Src/button.o
 .debug_macro   0x00000000000010cc       0x6a ./Core/Src/button.o
 .debug_macro   0x0000000000001136      0x1df ./Core/Src/button.o
 .debug_macro   0x0000000000001315       0x1c ./Core/Src/button.o
 .debug_macro   0x0000000000001331       0x22 ./Core/Src/button.o
 .debug_macro   0x0000000000001353       0xc3 ./Core/Src/button.o
 .debug_macro   0x0000000000001416      0xd23 ./Core/Src/button.o
 .debug_macro   0x0000000000002139     0xe09e ./Core/Src/button.o
 .debug_macro   0x00000000000101d7       0x6d ./Core/Src/button.o
 .debug_macro   0x0000000000010244     0x34a2 ./Core/Src/button.o
 .debug_macro   0x00000000000136e6      0x174 ./Core/Src/button.o
 .debug_macro   0x000000000001385a       0x5c ./Core/Src/button.o
 .debug_macro   0x00000000000138b6      0x5bc ./Core/Src/button.o
 .debug_macro   0x0000000000013e72      0x289 ./Core/Src/button.o
 .debug_macro   0x00000000000140fb      0x1cb ./Core/Src/button.o
 .debug_macro   0x00000000000142c6      0x114 ./Core/Src/button.o
 .debug_macro   0x00000000000143da      0x1b2 ./Core/Src/button.o
 .debug_macro   0x000000000001458c       0x27 ./Core/Src/button.o
 .debug_macro   0x00000000000145b3      0x136 ./Core/Src/button.o
 .debug_macro   0x00000000000146e9      0x1bc ./Core/Src/button.o
 .debug_macro   0x00000000000148a5       0x34 ./Core/Src/button.o
 .debug_macro   0x00000000000148d9       0x3c ./Core/Src/button.o
 .debug_macro   0x0000000000014915       0x57 ./Core/Src/button.o
 .debug_macro   0x000000000001496c       0x87 ./Core/Src/button.o
 .debug_macro   0x00000000000149f3      0x240 ./Core/Src/button.o
 .debug_macro   0x0000000000014c33      0x287 ./Core/Src/button.o
 .debug_macro   0x0000000000014eba      0x140 ./Core/Src/button.o
 .debug_macro   0x0000000000014ffa      0x8ed ./Core/Src/button.o
 .debug_macro   0x00000000000158e7       0x83 ./Core/Src/button.o
 .debug_macro   0x000000000001596a       0xb2 ./Core/Src/button.o
 .debug_macro   0x0000000000015a1c       0x16 ./Core/Src/button.o
 .debug_macro   0x0000000000015a32      0x1b2 ./Core/Src/liquidcrystal_i2c.o
 .debug_macro   0x0000000000015be4       0xd0 ./Core/Src/liquidcrystal_i2c.o
 .debug_macro   0x0000000000015cb4      0x337 ./Core/Src/main.o
 .debug_macro   0x0000000000015feb       0xd6 ./Core/Src/main.o
 .debug_macro   0x00000000000160c1       0x52 ./Core/Src/main.o
 .debug_macro   0x0000000000016113       0x18 ./Core/Src/main.o
 .debug_macro   0x000000000001612b       0x3c ./Core/Src/main.o
 .debug_macro   0x0000000000016167       0x34 ./Core/Src/main.o
 .debug_macro   0x000000000001619b       0x16 ./Core/Src/main.o
 .debug_macro   0x00000000000161b1       0x35 ./Core/Src/main.o
 .debug_macro   0x00000000000161e6      0x333 ./Core/Src/main.o
 .debug_macro   0x0000000000016519       0x10 ./Core/Src/main.o
 .debug_macro   0x0000000000016529       0x16 ./Core/Src/main.o
 .debug_macro   0x000000000001653f       0x43 ./Core/Src/main.o
 .debug_macro   0x0000000000016582       0x34 ./Core/Src/main.o
 .debug_macro   0x00000000000165b6       0x10 ./Core/Src/main.o
 .debug_macro   0x00000000000165c6       0x58 ./Core/Src/main.o
 .debug_macro   0x000000000001661e       0x71 ./Core/Src/main.o
 .debug_macro   0x000000000001668f       0x1c ./Core/Src/main.o
 .debug_macro   0x00000000000166ab      0x12a ./Core/Src/main.o
 .debug_macro   0x00000000000167d5       0x10 ./Core/Src/main.o
 .debug_macro   0x00000000000167e5       0x1c ./Core/Src/main.o
 .debug_macro   0x0000000000016801       0x52 ./Core/Src/main.o
 .debug_macro   0x0000000000016853       0x22 ./Core/Src/main.o
 .debug_macro   0x0000000000016875       0x10 ./Core/Src/main.o
 .debug_macro   0x0000000000016885       0x40 ./Core/Src/main.o
 .debug_macro   0x00000000000168c5       0xd5 ./Core/Src/main.o
 .debug_macro   0x000000000001699a       0x1c ./Core/Src/main.o
 .debug_macro   0x00000000000169b6       0x3d ./Core/Src/main.o
 .debug_macro   0x00000000000169f3       0x16 ./Core/Src/main.o
 .debug_macro   0x0000000000016a09      0x145 ./Core/Src/main.o
 .debug_macro   0x0000000000016b4e       0x21 ./Core/Src/software_timer.o
 .debug_macro   0x0000000000016b6f      0x1b2 ./Core/Src/stm32f1xx_hal_msp.o
 .debug_macro   0x0000000000016d21      0x1bc ./Core/Src/stm32f1xx_it.o
 .debug_macro   0x0000000000016edd       0xff ./Core/Src/sysmem.o
 .debug_macro   0x0000000000016fdc      0x23b ./Core/Src/sysmem.o
 .debug_macro   0x0000000000017217      0x1a3 ./Core/Src/system_stm32f1xx.o
 .debug_macro   0x00000000000173ba      0x1c7 ./Drivers/STM32F1xx_HAL_Driver/Src/stm32f1xx_hal.o
 .debug_macro   0x0000000000017581      0x1a3 ./Drivers/STM32F1xx_HAL_Driver/Src/stm32f1xx_hal_cortex.o
 .debug_macro   0x0000000000017724      0x20e ./Drivers/STM32F1xx_HAL_Driver/Src/stm32f1xx_hal_gpio.o
 .debug_macro   0x0000000000017932      0x1f1 ./Drivers/STM32F1xx_HAL_Driver/Src/stm32f1xx_hal_i2c.o
 .debug_macro   0x0000000000017b23      0x1b5 ./Drivers/STM32F1xx_HAL_Driver/Src/stm32f1xx_hal_rcc.o
 .debug_macro   0x0000000000017cd8      0x1a4 ./Drivers/STM32F1xx_HAL_Driver/Src/stm32f1xx_hal_tim.o
 .debug_macro   0x0000000000017e7c      0x1a3 ./Drivers/STM32F1xx_HAL_Driver/Src/stm32f1xx_hal_tim_ex.o

.debug_line     0x0000000000000000     0xf9f2
 .debug_line    0x0000000000000000      0x880 ./Core/Src/button.o
 .debug_line    0x0000000000000880      0xb85 ./Core/Src/liquidcrystal_i2c.o
 .debug_line    0x0000000000001405      0xbb5 ./Core/Src/main.o
 .debug_line    0x0000000000001fba       0xd8 ./Core/Src/software_timer.o
 .debug_line    0x0000000000002092      0x820 ./Core/Src/stm32f1xx_hal_msp.o
 .debug_line    0x00000000000028b2      0x88b ./Core/Src/stm32f1xx_it.o
 .debug_line    0x000000000000313d      0x639 ./Core/Src/sysmem.o
 .debug_line    0x0000000000003776      0x817 ./Core/Src/system_stm32f1xx.o
 .debug_line    0x0000000000003f8d       0x86 ./Core/Startup/startup_stm32f103rbtx.o
 .debug_line    0x0000000000004013      0xa44 ./Drivers/STM32F1xx_HAL_Driver/Src/stm32f1xx_hal.o
 .debug_line    0x0000000000004a57      0xc2c ./Drivers/STM32F1xx_HAL_Driver/Src/stm32f1xx_hal_cortex.o
 .debug_line    0x0000000000005683      0xadd ./Drivers/STM32F1xx_HAL_Driver/Src/stm32f1xx_hal_gpio.o
 .debug_line    0x0000000000006160     0x3bda ./Drivers/STM32F1xx_HAL_Driver/Src/stm32f1xx_hal_i2c.o
 .debug_line    0x0000000000009d3a      0xe50 ./Drivers/STM32F1xx_HAL_Driver/Src/stm32f1xx_hal_rcc.o
 .debug_line    0x000000000000ab8a     0x34de ./Drivers/STM32F1xx_HAL_Driver/Src/stm32f1xx_hal_tim.o
 .debug_line    0x000000000000e068     0x198a ./Drivers/STM32F1xx_HAL_Driver/Src/stm32f1xx_hal_tim_ex.o

.debug_str      0x0000000000000000    0x8b6c7
 .debug_str     0x0000000000000000    0x83359 ./Core/Src/button.o
                                      0x836b1 (size before relaxing)
 .debug_str     0x0000000000083359      0xa26 ./Core/Src/liquidcrystal_i2c.o
                                      0x83e1a (size before relaxing)
 .debug_str     0x0000000000083d7f     0x4824 ./Core/Src/main.o
                                      0x886ec (size before relaxing)
 .debug_str     0x00000000000885a3       0x6c ./Core/Src/software_timer.o
                                       0x2de8 (size before relaxing)
 .debug_str     0x000000000008860f       0xad ./Core/Src/stm32f1xx_hal_msp.o
                                      0x84100 (size before relaxing)
 .debug_str     0x00000000000886bc       0xe2 ./Core/Src/stm32f1xx_it.o
                                      0x83b54 (size before relaxing)
 .debug_str     0x000000000008879e      0x4e9 ./Core/Src/sysmem.o
                                       0x6251 (size before relaxing)
 .debug_str     0x0000000000088c87       0x52 ./Core/Src/system_stm32f1xx.o
                                      0x833e7 (size before relaxing)
 .debug_str     0x0000000000088cd9       0x36 ./Core/Startup/startup_stm32f103rbtx.o
                                         0x65 (size before relaxing)
 .debug_str     0x0000000000088d0f      0x2ff ./Drivers/STM32F1xx_HAL_Driver/Src/stm32f1xx_hal.o
                                      0x83a78 (size before relaxing)
 .debug_str     0x000000000008900e      0x2f6 ./Drivers/STM32F1xx_HAL_Driver/Src/stm32f1xx_hal_cortex.o
                                      0x83a80 (size before relaxing)
 .debug_str     0x0000000000089304      0x324 ./Drivers/STM32F1xx_HAL_Driver/Src/stm32f1xx_hal_gpio.o
                                      0x837ab (size before relaxing)
 .debug_str     0x0000000000089628      0xb95 ./Drivers/STM32F1xx_HAL_Driver/Src/stm32f1xx_hal_i2c.o
                                      0x84476 (size before relaxing)
 .debug_str     0x000000000008a1bd      0x244 ./Drivers/STM32F1xx_HAL_Driver/Src/stm32f1xx_hal_rcc.o
                                      0x837e4 (size before relaxing)
 .debug_str     0x000000000008a401      0xdd8 ./Drivers/STM32F1xx_HAL_Driver/Src/stm32f1xx_hal_tim.o
                                      0x847cd (size before relaxing)
 .debug_str     0x000000000008b1d9      0x4ee ./Drivers/STM32F1xx_HAL_Driver/Src/stm32f1xx_hal_tim_ex.o
                                      0x83f6e (size before relaxing)

.comment        0x0000000000000000       0x53
 .comment       0x0000000000000000       0x53 ./Core/Src/button.o
                                         0x54 (size before relaxing)
 .comment       0x0000000000000053       0x54 ./Core/Src/liquidcrystal_i2c.o
 .comment       0x0000000000000053       0x54 ./Core/Src/main.o
 .comment       0x0000000000000053       0x54 ./Core/Src/software_timer.o
 .comment       0x0000000000000053       0x54 ./Core/Src/stm32f1xx_hal_msp.o
 .comment       0x0000000000000053       0x54 ./Core/Src/stm32f1xx_it.o
 .comment       0x0000000000000053       0x54 ./Core/Src/sysmem.o
 .comment       0x0000000000000053       0x54 ./Core/Src/system_stm32f1xx.o
 .comment       0x0000000000000053       0x54 ./Drivers/STM32F1xx_HAL_Driver/Src/stm32f1xx_hal.o
 .comment       0x0000000000000053       0x54 ./Drivers/STM32F1xx_HAL_Driver/Src/stm32f1xx_hal_cortex.o
 .comment       0x0000000000000053       0x54 ./Drivers/STM32F1xx_HAL_Driver/Src/stm32f1xx_hal_gpio.o
 .comment       0x0000000000000053       0x54 ./Drivers/STM32F1xx_HAL_Driver/Src/stm32f1xx_hal_i2c.o
 .comment       0x0000000000000053       0x54 ./Drivers/STM32F1xx_HAL_Driver/Src/stm32f1xx_hal_rcc.o
 .comment       0x0000000000000053       0x54 ./Drivers/STM32F1xx_HAL_Driver/Src/stm32f1xx_hal_tim.o
 .comment       0x0000000000000053       0x54 ./Drivers/STM32F1xx_HAL_Driver/Src/stm32f1xx_hal_tim_ex.o

.debug_frame    0x0000000000000000     0x3c78
 .debug_frame   0x0000000000000000       0xcc ./Core/Src/button.o
 .debug_frame   0x00000000000000cc      0x3f0 ./Core/Src/liquidcrystal_i2c.o
 .debug_frame   0x00000000000004bc       0xf4 ./Core/Src/main.o
 .debug_frame   0x00000000000005b0       0x88 ./Core/Src/software_timer.o
 .debug_frame   0x0000000000000638       0xc8 ./Core/Src/stm32f1xx_hal_msp.o
 .debug_frame   0x0000000000000700      0x13c ./Core/Src/stm32f1xx_it.o
 .debug_frame   0x000000000000083c       0x34 ./Core/Src/sysmem.o
 .debug_frame   0x0000000000000870       0x58 ./Core/Src/system_stm32f1xx.o
 .debug_frame   0x00000000000008c8      0x334 ./Drivers/STM32F1xx_HAL_Driver/Src/stm32f1xx_hal.o
 .debug_frame   0x0000000000000bfc      0x428 ./Drivers/STM32F1xx_HAL_Driver/Src/stm32f1xx_hal_cortex.o
 .debug_frame   0x0000000000001024      0x14c ./Drivers/STM32F1xx_HAL_Driver/Src/stm32f1xx_hal_gpio.o
 .debug_frame   0x0000000000001170      0xc84 ./Drivers/STM32F1xx_HAL_Driver/Src/stm32f1xx_hal_i2c.o
 .debug_frame   0x0000000000001df4      0x218 ./Drivers/STM32F1xx_HAL_Driver/Src/stm32f1xx_hal_rcc.o
 .debug_frame   0x000000000000200c     0x11b8 ./Drivers/STM32F1xx_HAL_Driver/Src/stm32f1xx_hal_tim.o
 .debug_frame   0x00000000000031c4      0x638 ./Drivers/STM32F1xx_HAL_Driver/Src/stm32f1xx_hal_tim_ex.o
 .debug_frame   0x00000000000037fc       0x20 d:/app downloaded/stm32 arm ide/stm32_app/stm32cubeide_1.7.0/stm32cubeide/plugins/com.st.stm32cube.ide.mcu.externaltools.gnu-tools-for-stm32.9-2020-q2-update.win32_2.0.0.202105311346/tools/bin/../lib/gcc/arm-none-eabi/9.3.1/../../../../arm-none-eabi/lib/thumb/v7-m/nofp\libc_nano.a(lib_a-errno.o)
 .debug_frame   0x000000000000381c       0x2c d:/app downloaded/stm32 arm ide/stm32_app/stm32cubeide_1.7.0/stm32cubeide/plugins/com.st.stm32cube.ide.mcu.externaltools.gnu-tools-for-stm32.9-2020-q2-update.win32_2.0.0.202105311346/tools/bin/../lib/gcc/arm-none-eabi/9.3.1/../../../../arm-none-eabi/lib/thumb/v7-m/nofp\libc_nano.a(lib_a-init.o)
 .debug_frame   0x0000000000003848       0x20 d:/app downloaded/stm32 arm ide/stm32_app/stm32cubeide_1.7.0/stm32cubeide/plugins/com.st.stm32cube.ide.mcu.externaltools.gnu-tools-for-stm32.9-2020-q2-update.win32_2.0.0.202105311346/tools/bin/../lib/gcc/arm-none-eabi/9.3.1/../../../../arm-none-eabi/lib/thumb/v7-m/nofp\libc_nano.a(lib_a-memset.o)
 .debug_frame   0x0000000000003868       0x7c d:/app downloaded/stm32 arm ide/stm32_app/stm32cubeide_1.7.0/stm32cubeide/plugins/com.st.stm32cube.ide.mcu.externaltools.gnu-tools-for-stm32.9-2020-q2-update.win32_2.0.0.202105311346/tools/bin/../lib/gcc/arm-none-eabi/9.3.1/../../../../arm-none-eabi/lib/thumb/v7-m/nofp\libc_nano.a(lib_a-snprintf.o)
 .debug_frame   0x00000000000038e4       0x90 d:/app downloaded/stm32 arm ide/stm32_app/stm32cubeide_1.7.0/stm32cubeide/plugins/com.st.stm32cube.ide.mcu.externaltools.gnu-tools-for-stm32.9-2020-q2-update.win32_2.0.0.202105311346/tools/bin/../lib/gcc/arm-none-eabi/9.3.1/../../../../arm-none-eabi/lib/thumb/v7-m/nofp\libc_nano.a(lib_a-nano-svfprintf.o)
 .debug_frame   0x0000000000003974       0x60 d:/app downloaded/stm32 arm ide/stm32_app/stm32cubeide_1.7.0/stm32cubeide/plugins/com.st.stm32cube.ide.mcu.externaltools.gnu-tools-for-stm32.9-2020-q2-update.win32_2.0.0.202105311346/tools/bin/../lib/gcc/arm-none-eabi/9.3.1/../../../../arm-none-eabi/lib/thumb/v7-m/nofp\libc_nano.a(lib_a-nano-vfprintf_i.o)
 .debug_frame   0x00000000000039d4       0x28 d:/app downloaded/stm32 arm ide/stm32_app/stm32cubeide_1.7.0/stm32cubeide/plugins/com.st.stm32cube.ide.mcu.externaltools.gnu-tools-for-stm32.9-2020-q2-update.win32_2.0.0.202105311346/tools/bin/../lib/gcc/arm-none-eabi/9.3.1/../../../../arm-none-eabi/lib/thumb/v7-m/nofp\libc_nano.a(lib_a-memchr-stub.o)
 .debug_frame   0x00000000000039fc       0x28 d:/app downloaded/stm32 arm ide/stm32_app/stm32cubeide_1.7.0/stm32cubeide/plugins/com.st.stm32cube.ide.mcu.externaltools.gnu-tools-for-stm32.9-2020-q2-update.win32_2.0.0.202105311346/tools/bin/../lib/gcc/arm-none-eabi/9.3.1/../../../../arm-none-eabi/lib/thumb/v7-m/nofp\libc_nano.a(lib_a-memcpy-stub.o)
 .debug_frame   0x0000000000003a24       0x28 d:/app downloaded/stm32 arm ide/stm32_app/stm32cubeide_1.7.0/stm32cubeide/plugins/com.st.stm32cube.ide.mcu.externaltools.gnu-tools-for-stm32.9-2020-q2-update.win32_2.0.0.202105311346/tools/bin/../lib/gcc/arm-none-eabi/9.3.1/../../../../arm-none-eabi/lib/thumb/v7-m/nofp\libc_nano.a(lib_a-memmove.o)
 .debug_frame   0x0000000000003a4c       0x38 d:/app downloaded/stm32 arm ide/stm32_app/stm32cubeide_1.7.0/stm32cubeide/plugins/com.st.stm32cube.ide.mcu.externaltools.gnu-tools-for-stm32.9-2020-q2-update.win32_2.0.0.202105311346/tools/bin/../lib/gcc/arm-none-eabi/9.3.1/../../../../arm-none-eabi/lib/thumb/v7-m/nofp\libc_nano.a(lib_a-nano-freer.o)
 .debug_frame   0x0000000000003a84       0x30 d:/app downloaded/stm32 arm ide/stm32_app/stm32cubeide_1.7.0/stm32cubeide/plugins/com.st.stm32cube.ide.mcu.externaltools.gnu-tools-for-stm32.9-2020-q2-update.win32_2.0.0.202105311346/tools/bin/../lib/gcc/arm-none-eabi/9.3.1/../../../../arm-none-eabi/lib/thumb/v7-m/nofp\libc_nano.a(lib_a-nano-mallocr.o)
 .debug_frame   0x0000000000003ab4       0x3c d:/app downloaded/stm32 arm ide/stm32_app/stm32cubeide_1.7.0/stm32cubeide/plugins/com.st.stm32cube.ide.mcu.externaltools.gnu-tools-for-stm32.9-2020-q2-update.win32_2.0.0.202105311346/tools/bin/../lib/gcc/arm-none-eabi/9.3.1/../../../../arm-none-eabi/lib/thumb/v7-m/nofp\libc_nano.a(lib_a-nano-reallocr.o)
 .debug_frame   0x0000000000003af0       0x2c d:/app downloaded/stm32 arm ide/stm32_app/stm32cubeide_1.7.0/stm32cubeide/plugins/com.st.stm32cube.ide.mcu.externaltools.gnu-tools-for-stm32.9-2020-q2-update.win32_2.0.0.202105311346/tools/bin/../lib/gcc/arm-none-eabi/9.3.1/../../../../arm-none-eabi/lib/thumb/v7-m/nofp\libc_nano.a(lib_a-sbrkr.o)
 .debug_frame   0x0000000000003b1c       0x30 d:/app downloaded/stm32 arm ide/stm32_app/stm32cubeide_1.7.0/stm32cubeide/plugins/com.st.stm32cube.ide.mcu.externaltools.gnu-tools-for-stm32.9-2020-q2-update.win32_2.0.0.202105311346/tools/bin/../lib/gcc/arm-none-eabi/9.3.1/../../../../arm-none-eabi/lib/thumb/v7-m/nofp\libc_nano.a(lib_a-mlock.o)
 .debug_frame   0x0000000000003b4c       0x20 d:/app downloaded/stm32 arm ide/stm32_app/stm32cubeide_1.7.0/stm32cubeide/plugins/com.st.stm32cube.ide.mcu.externaltools.gnu-tools-for-stm32.9-2020-q2-update.win32_2.0.0.202105311346/tools/bin/../lib/gcc/arm-none-eabi/9.3.1/../../../../arm-none-eabi/lib/thumb/v7-m/nofp\libc_nano.a(lib_a-nano-msizer.o)
 .debug_frame   0x0000000000003b6c       0x5c d:/app downloaded/stm32 arm ide/stm32_app/stm32cubeide_1.7.0/stm32cubeide/plugins/com.st.stm32cube.ide.mcu.externaltools.gnu-tools-for-stm32.9-2020-q2-update.win32_2.0.0.202105311346/tools/bin/../lib/gcc/arm-none-eabi/9.3.1/../../../../arm-none-eabi/lib/thumb/v7-m/nofp\libc_nano.a(lib_a-reent.o)
 .debug_frame   0x0000000000003bc8       0xb0 d:/app downloaded/stm32 arm ide/stm32_app/stm32cubeide_1.7.0/stm32cubeide/plugins/com.st.stm32cube.ide.mcu.externaltools.gnu-tools-for-stm32.9-2020-q2-update.win32_2.0.0.202105311346/tools/bin/../lib/gcc/arm-none-eabi/9.3.1/../../../../arm-none-eabi/lib/thumb/v7-m/nofp\libc_nano.a(lib_a-lock.o)
